[www.okstate.edu/sas/v8/saspdf/ets/pdfidx.html]
[backblue.gif]
[fade.gif]
[index.html]
[www.okstate.edu/sas/v8/saspdf/ets/chap-1.pdf]
[www.okstate.edu/sas/v8/saspdf/ets/chap1.pdf]
[www.okstate.edu/sas/v8/saspdf/ets/chap2.pdf]
[www.okstate.edu/sas/v8/saspdf/ets/chap3.pdf]
[www.okstate.edu/sas/v8/saspdf/ets/chap4.pdf]
[www.okstate.edu/sas/v8/saspdf/ets/chap5.pdf]
[www.okstate.edu/sas/v8/saspdf/ets/chap6.pdf]
[www.okstate.edu/sas/v8/saspdf/ets/chap7.pdf]
[www.okstate.edu/sas/v8/saspdf/ets/chap8.pdf]
[www.okstate.edu/sas/v8/saspdf/ets/chap9.pdf]
[www.okstate.edu/sas/v8/saspdf/ets/chap10.pdf]
[www.okstate.edu/sas/v8/saspdf/ets/chap11.pdf]
[www.okstate.edu/sas/v8/saspdf/ets/chap12.pdf]
[www.okstate.edu/sas/v8/saspdf/ets/chap13.pdf]
[www.okstate.edu/sas/v8/saspdf/ets/chap14.pdf]
[www.okstate.edu/sas/v8/saspdf/ets/chap15.pdf]
[www.okstate.edu/sas/v8/saspdf/ets/chap16.pdf]
[www.okstate.edu/sas/v8/saspdf/ets/chap17.pdf]
[www.okstate.edu/sas/v8/saspdf/ets/chap18.pdf]
[www.okstate.edu/sas/v8/saspdf/ets/chap19.pdf]
[www.okstate.edu/sas/v8/saspdf/ets/chap20.pdf]
[www.okstate.edu/sas/v8/saspdf/ets/chap21.pdf]
[www.okstate.edu/sas/v8/saspdf/ets/chap22.pdf]
[www.okstate.edu/sas/v8/saspdf/ets/chap23.pdf]
[www.okstate.edu/sas/v8/saspdf/ets/chap24.pdf]
[www.okstate.edu/sas/v8/saspdf/ets/chap25.pdf]
[www.okstate.edu/sas/v8/saspdf/ets/chap26.pdf]
[www.okstate.edu/sas/v8/saspdf/ets/chap27.pdf]
[www.okstate.edu/sas/v8/saspdf/ets/chap28.pdf]
[www.okstate.edu/sas/v8/saspdf/ets/chap29.pdf]
[www.okstate.edu/sas/v8/saspdf/ets/chap30.pdf]
[www.okstate.edu/sas/v8/saspdf/ets/index.pdf]
[www.okstate.edu/sas/v8/saspdf/ets/pdfidx.html]
[www.okstate.edu/sas/v8/saspdf/ets/chap23.pdf]
[www.okstate.edu/sas/v8/saspdf/ets/chap25.pdf]
[www.okstate.edu/sas/v8/saspdf/ets/chap27.pdf]
[www.okstate.edu/sas/v8/saspdf/ets/chap29.pdf]
[www.okstate.edu/sas/v8/saspdf/ets/chap23.pdf]
[www.okstate.edu/sas/v8/saspdf/ets/chap27.pdf]
[www.okstate.edu/sas/v8/saspdf/ets/chap29.pdf]
