[course.fast.ai/index.html]
[backblue.gif]
[fade.gif]
[index.html]
[course.fast.ai/css/foundation.css]
[course.fast.ai/css/style.css]
[course.fast.ai/css/fontello.css]
[course.fast.ai/css/font-awesome.css]
[course.fast.ai/javascripts/imagesloaded.pkgd.min.js]
[course.fast.ai/javascripts/masonry.pkgd.js]
[course.fast.ai/feed.xml]
[course.fast.ai/index-2.html]
[course.fast.ai/images/logo.png]
[course.fast.ai/about.html]
[course.fast.ai/start.html]
[course.fast.ai/javascripts/slick.min.js]
[course.fast.ai/lessons/lessons.html]
[course.fast.ai/lessons/lesson1.html]
[course.fast.ai/lessons/lesson2.html]
[course.fast.ai/lessons/lesson3.html]
[course.fast.ai/lessons/lesson4.html]
[course.fast.ai/lessons/lesson5.html]
[course.fast.ai/lessons/lesson6.html]
[course.fast.ai/lessons/lesson7.html]
[course.fast.ai/contact.html]
[course.fast.ai/images/people/erikb.jpg]
[course.fast.ai/images/titles/datainst-intro.jpg]
[course.fast.ai/images/titles/resnet.jpg]
[course.fast.ai/images/org-thumbs/usf200.png]
[course.fast.ai/images/lesson-thumbs/1-imagenet-class.png]
[course.fast.ai/images/lesson-thumbs/2-viz.png]
[course.fast.ai/javascripts/libs.js]
[course.fast.ai/lessons/lesson0.html]
[course.fast.ai/images/lesson-thumbs/0-convolution-intro.png]
[course.fast.ai/images/lesson-thumbs/3-augment.png]
[course.fast.ai/images/lesson-thumbs/4-conv-xl.png]
[course.fast.ai/images/lesson-thumbs/5-nlp.png]
[course.fast.ai/images/lesson-thumbs/6-embed.png]
[course.fast.ai/images/lesson-thumbs/7-heatmap.png]
[course.fast.ai/testimonials.html]
[course.fast.ai/images/people/chrisk.jpg]
[course.fast.ai/images/people/sravya.jpg]
[course.fast.ai/images/people/mattob.jpg]
[course.fast.ai/images/people/yannet.jpg]
[course.fast.ai/images/people/robink.jpg]
[course.fast.ai/images/people/nichol.jpg]
[course.fast.ai/images/people/shetty.jpg]
[course.fast.ai/images/people/dario.png]
[course.fast.ai/images/people/taro.png]
[course.fast.ai/images/org-thumbs/cap1labs.png]
[course.fast.ai/images/org-thumbs/fitbit.png]
[course.fast.ai/images/org-thumbs/google.jpg]
[course.fast.ai/images/org-thumbs/ibm.gif]
[course.fast.ai/images/org-thumbs/linkedin.png]
[course.fast.ai/images/org-thumbs/microsoft.png]
[course.fast.ai/images/org-thumbs/planet_labs.jpg]
[course.fast.ai/images/org-thumbs/salesforce.png]
[course.fast.ai/images/org-thumbs/su.png]
[course.fast.ai/images/org-thumbs/ucsf.png]
[course.fast.ai/images/org-thumbs/udemy.png]
[course.fast.ai/images/org-thumbs/walmartlabs.png]
[course.fast.ai/images/org-thumbs/yelp1.png]
[course.fast.ai/images/logo-grey.png]
[course.fast.ai/javascripts/jquery.countTo.js]
[course.fast.ai/javascripts/jquery.appear.js]
[course.fast.ai/javascripts/jquery.easing.1.3.js]
[course.fast.ai/index.html]
[course.fast.ai/javascripts/jquery.sequence-min.js]
[course.fast.ai/javascripts/jquery.validate.js]
[course.fast.ai/css/foundation.css]
[course.fast.ai/javascripts/app.js]
[course.fast.ai/fonts/steelfish/steelfish_eb-webfont.eot]
[course.fast.ai/fonts/steelfish/steelfish_eb-webfontd41d.eot]
[course.fast.ai/fonts/steelfish/steelfish_eb-webfont.woff]
[course.fast.ai/fonts/steelfish/steelfish eb.otf]
[course.fast.ai/fonts/steelfish/steelfish_bd-webfont.eot]
[course.fast.ai/fonts/steelfish/steelfish_bd-webfontd41d.eot]
[course.fast.ai/fonts/steelfish/steelfish_bd-webfont.woff]
[course.fast.ai/fonts/steelfish/steelfish bd.otf]
[course.fast.ai/images/pattern-1.png]
[course.fast.ai/images/pattern-2.png]
[course.fast.ai/images/pattern-3.png]
[course.fast.ai/images/pattern-4.png]
[course.fast.ai/images/pattern-5.png]
[course.fast.ai/images/pattern-6.png]
[course.fast.ai/images/pattern-7.png]
[course.fast.ai/images/pattern-8.png]
[course.fast.ai/images/pattern-9.png]
[course.fast.ai/images/pattern-10.png]
[course.fast.ai/css/style.css]
[course.fast.ai/fonts/fontello/fontello5d8d.woff]
[course.fast.ai/fonts/fontello/fontello5d8d.ttf]
[course.fast.ai/css/fontello.css]
[course.fast.ai/fonts/fontello/fontello5d8d.svg]
[course.fast.ai/fonts/fontello/fontello5d8d.eot]
[course.fast.ai/fonts/font-awesome/fontawesome-webfont.woff]
[course.fast.ai/fonts/font-awesome/fontawesome-webfont.ttf]
[course.fast.ai/css/font-awesome.css]
[course.fast.ai/fonts/font-awesome/fontawesome-webfont.svg]
[course.fast.ai/index-2.html]
[course.fast.ai/images/people/jh-head.jpg]
[course.fast.ai/fonts/font-awesome/fontawesome-webfont.eot]
[course.fast.ai/fonts/font-awesome/fontawesome-webfontd41d.eot]
[course.fast.ai/about.html]
[course.fast.ai/images/people/rt-head.jpg]
[course.fast.ai/lessons/aws.html]
[course.fast.ai/start.html]
[course.fast.ai/images/lesson-thumbs/aws.png]
[course.fast.ai/lessons/lessons.html]
[course.fast.ai/lessons/lesson1.html]
[course.fast.ai/lessons/lesson2.html]
[course.fast.ai/lessons/lesson3.html]
[course.fast.ai/lessons/lesson4.html]
[course.fast.ai/lessons/lesson5.html]
[course.fast.ai/lessons/lesson6.html]
[course.fast.ai/lessons/lesson7.html]
[course.fast.ai/thanks.html]
[course.fast.ai/contact.html]
[course.fast.ai/lessons/lesson0.html]
[course.fast.ai/images/people/dsakva.png]
[course.fast.ai/testimonials.html]
[course.fast.ai/images/people/sara.png]
[course.fast.ai/fonts/steelfish/steelfish_eb-webfont.html]
[course.fast.ai/fonts/steelfish/steelfish_eb-webfontd41d.html]
[course.fast.ai/fonts/steelfish/steelfish_eb-webfont-2.html]
[course.fast.ai/fonts/steelfish/steelfish eb.html]
[course.fast.ai/fonts/steelfish/steelfish_bd-webfont.html]
[course.fast.ai/fonts/steelfish/steelfish_bd-webfontd41d.html]
[course.fast.ai/fonts/steelfish/steelfish_bd-webfont-2.html]
[course.fast.ai/fonts/steelfish/steelfish bd.html]
[course.fast.ai/images/pattern-1.html]
[course.fast.ai/images/pattern-2.html]
[course.fast.ai/images/pattern-3.html]
[course.fast.ai/images/pattern-4.html]
[course.fast.ai/images/pattern-5.html]
[course.fast.ai/images/pattern-6.html]
[course.fast.ai/images/pattern-7.html]
[course.fast.ai/images/pattern-8.html]
[course.fast.ai/images/pattern-9.html]
[course.fast.ai/images/pattern-10.html]
[course.fast.ai/fonts/fontello/fontello5d8d.html]
[course.fast.ai/fonts/fontello/fontello5d8d.svg]
[course.fast.ai/fonts/font-awesome/fontawesome-webfont.html]
[course.fast.ai/fonts/font-awesome/fontawesome-webfont.svg]
[course.fast.ai/lessons/aws.html]
[course.fast.ai/thanks.html]
