[backblue.gif]
[fade.gif]
[index.html]
[stattrek.com/App_Themes/desktop1/desktop1.css]
[stattrek.com/css/theme1/banner.css]
[stattrek.com/css/theme1/nav.css]
[stattrek.com/css/theme1/misc.css]
[stattrek.com/js/utilities.js]
[stattrek.com/js/nav.js]
[stattrek.com/images/BooksApple1.gif]
[stattrek.com/images/SquareRed20px.gif]
[stattrek.com/images/RandomNumbers.gif]
[stattrek.com/images/WizardHat.gif]
[stattrek.com/css/theme1/sidebar.css]
[stattrek.com/js/browse.js]
[stattrek.com/css/theme1/footer.css]
[stattrek.com/index.html]
[stattrek.com/css/colors.css]
[stattrek.com/css/desktop1/layout.css]
[stattrek.com/css/desktop1/elements.css]
[stattrek.com/css/desktop1/banner.css]
[stattrek.com/css/desktop1/nav.css]
[stattrek.com/css/desktop1/ads.css]
[stattrek.com/css/desktop1/footer.css]
[stattrek.com/css/desktop1/sidebar.css]
[stattrek.com/css/desktop1/misc.css]
[stattrek.com/css/desktop1/controls.css]
[stattrek.com/css/desktop1/tweaks.css]
[stattrek.com/css/rules.css]
[stattrek.com/css/tables.css]
[stattrek.com/css/matrix.css]
[stattrek.com/App_Themes/desktop1/desktop1.css]
[stattrek.com/css/theme1/charts.css]
[stattrek.com/scripts/jquery-1.10.2.min.js]
[stattrek.com/js/top.js]
[stattrek.com/App_Themes/mobile1/mobile1.css]
[stattrek.com/ScriptResource8a75.js]
[stattrek.com/ScriptResourcef907.js]
[stattrek.com/m/index.html]
[stattrek.com/51Degrees.core.js]
[stattrek.com/css/theme1/banner.css]
[stattrek.com/css/theme1/nav.css]
[stattrek.com/css/theme1/misc.css]
[stattrek.com/images/google_custom_search_watermark.gif]
[stattrek.com/images/BooksApple.gif]
[stattrek.com/images/abstract1.gif]
[stattrek.com/images/abstract2.gif]
[stattrek.com/images/abstract3.gif]
[stattrek.com/tutorials/free-online-courses.html]
[stattrek.com/ap-statistics/test-preparation.html]
[stattrek.com/js/calculator.js]
[stattrek.com/online-calculator/binomial.html]
[stattrek.com/statistics/random-number-generator.html]
[stattrek.com/calculator/graphing-calculator.html]
[stattrek.com/books/book-reviews.html]
[stattrek.com/images/buyfromamazon.gif]
[stattrek.com/statistics/dictionary.html]
[stattrek.com/css/theme1/stat-toc.css]
[stattrek.com/js/toc-stat.js]
[stattrek.com/tutorials/ap-statistics-tutorial.html]
[stattrek.com/tutorials/statistics-tutorial.html]
[stattrek.com/css/theme1/matrix-toc.css]
[stattrek.com/js/toc-matrix.js]
[stattrek.com/tutorials/matrix-algebra-tutorial.html]
[stattrek.com/js/desktop/test-timer.js]
[stattrek.com/ap-statistics/practice-test.html]
[stattrek.com/ap-statistics/formulas.html]
[stattrek.com/ap-statistics/faq.html]
[stattrek.com/ap-statistics/study-guide.html]
[stattrek.com/ap-statistics/calculator-comparison.html]
[stattrek.com/online-calculator/chi-square.html]
[stattrek.com/online-calculator/f-distribution.html]
[stattrek.com/online-calculator/hypergeometric.html]
[stattrek.com/online-calculator/multinomial.html]
[stattrek.com/online-calculator/negative-binomial.html]
[stattrek.com/online-calculator/normal.html]
[stattrek.com/online-calculator/poisson.html]
[stattrek.com/online-calculator/t-distribution.html]
[stattrek.com/online-calculator/probability-calculator.html]
[stattrek.com/online-calculator/bayes-rule-calculator.html]
[stattrek.com/online-calculator/combinations-permutations.html]
[stattrek.com/online-calculator/factorial.html]
[stattrek.com/online-calculator/event-counter.html]
[stattrek.com/js/collapse.js]
[stattrek.com/sample-planning-wizard/wizard.html]
[stattrek.com/calculator/scientific-calculator.html]
[stattrek.com/calculator/financial-calculator.html]
[stattrek.com/books/graphing-calculator.html]
[stattrek.com/books/statistics.html]
[stattrek.com/books/ap-statistics.html]
[stattrek.com/books/probability.html]
[stattrek.com/books/survey-sampling.html]
[stattrek.com/books/excel.html]
[stattrek.com/statistics/problems.html]
[stattrek.com/statistics/formulas.html]
[stattrek.com/statistics/notation.html]
[stattrek.com/sample-planning-wizard/description.html]
[stattrek.com/css/theme1/sidebar.css]
[stattrek.com/sample-planning-wizard/wizard8663.html]
[stattrek.com/statistics/resources.html]
[stattrek.com/css/theme1/footer.css]
[stattrek.com/site/about.html]
[stattrek.com/site/contact.html]
[stattrek.com/site/privacy.html]
[stattrek.com/site/terms.html]
[stattrek.com/site/advertising.html]
[stattrek.com/css/colors.css]
[stattrek.com/css/desktop1/layout.css]
[stattrek.com/css/desktop1/elements.css]
[stattrek.com/css/desktop1/banner.css]
[stattrek.com/css/desktop1/nav.css]
[stattrek.com/css/desktop1/ads.css]
[stattrek.com/css/desktop1/footer.css]
[stattrek.com/css/desktop1/sidebar.css]
[stattrek.com/css/desktop1/misc.css]
[stattrek.com/images/open.png]
[stattrek.com/css/desktop1/controls.css]
[stattrek.com/css/desktop1/tweaks.css]
[stattrek.com/css/rules.css]
[stattrek.com/css/tables.css]
[stattrek.com/css/matrix.css]
[stattrek.com/css/theme1/charts.css]
[stattrek.com/images/close.png]
[stattrek.com/css/mobile1/elements.css]
[stattrek.com/css/mobile1/tweaks.css]
[stattrek.com/css/mobile1/ads.css]
[stattrek.com/App_Themes/mobile1/mobile1.css]
[stattrek.com/css/mobile1/controls.css]
[stattrek.com/WebResource6be8.js]
[stattrek.com/ScriptResource8a75.js]
[stattrek.com/ScriptResourcef907.js]
[stattrek.com/m/default.html]
[stattrek.com/m/nav/main-menu.html]
[stattrek.com/m/site/search.html]
[stattrek.com/m/site/about.html]
[stattrek.com/m/site/terms.html]
[stattrek.com/m/online-calculator/binomial.html]
[stattrek.com/probability-distributions/binomial.html]
[stattrek.com/statistics/dictionaryaa48.html]
[stattrek.com/statistics/dictionary9159.html]
[stattrek.com/statistics/dictionarya453.html]
[stattrek.com/jq/jquery-1.7.2.min.js]
[stattrek.com/jq/fancybox/jquery.easing-1.3.pack.js]
[stattrek.com/jq/fancybox/jquery.fancybox-1.3.4.js]
[stattrek.com/jq/video.js]
[stattrek.com/descriptive-statistics/variablesa225.html]
[stattrek.com/images/videoButtonBlue.gif]
[stattrek.com/ap-statistics/practice-testa225.html]
[stattrek.com/statistics/dictionary975b.html]
[stattrek.com/css/theme1/stat-toc.css]
[stattrek.com/descriptive-statistics/variablesb15b.html]
[stattrek.com/sampling/populations-and-samplesb15b.html]
[stattrek.com/descriptive-statistics/central-tendencyb15b.html]
[stattrek.com/descriptive-statistics/variabilityb15b.html]
[stattrek.com/descriptive-statistics/measures-of-positionb15b.html]
[stattrek.com/statistics/charts/data-patternsb15b.html]
[stattrek.com/statistics/charts/dot-plotb15b.html]
[stattrek.com/statistics/charts/histogramb15b.html]
[stattrek.com/statistics/charts/stemplotb15b.html]
[stattrek.com/statistics/charts/boxplotb15b.html]
[stattrek.com/Images/CumFreqPlot1.jpg]
[stattrek.com/statistics/charts/cumulative-plotb15b.html]
[stattrek.com/Images/CumFreqPlot2.jpg]
[stattrek.com/Images/Scatterplot1.jpg]
[stattrek.com/Images/Sp2.jpg]
[stattrek.com/Images/Sp3.jpg]
[stattrek.com/Images/Sp4.jpg]
[stattrek.com/Images/Sp5.jpg]
[stattrek.com/Images/Sp6.jpg]
[stattrek.com/Images/Sp7.jpg]
[stattrek.com/statistics/charts/scatterplotb15b.html]
[stattrek.com/Images/Sp8.jpg]
[stattrek.com/Images/BC1.jpg]
[stattrek.com/statistics/charts/compare-data-setsb15b.html]
[stattrek.com/statistics/measurement-scalesb15b.html]
[stattrek.com/Images/Sp9.jpg]
[stattrek.com/Images/Sp10.jpg]
[stattrek.com/Images/Sp11.jpg]
[stattrek.com/Images/Sp12.jpg]
[stattrek.com/Images/Sp13.jpg]
[stattrek.com/Images/Sp14.jpg]
[stattrek.com/statistics/correlationb15b.html]
[stattrek.com/regression/linear-regressionb15b.html]
[stattrek.com/regression/regression-exampleb15b.html]
[stattrek.com/Images/Sp15.gif]
[stattrek.com/Images/Sp16.jpg]
[stattrek.com/Images/Sp17.jpg]
[stattrek.com/Images/Sp18.jpg]
[stattrek.com/regression/residual-analysisb15b.html]
[stattrek.com/Images/Sp23.jpg]
[stattrek.com/regression/linear-transformationb15b.html]
[stattrek.com/Images/Sp24.jpg]
[stattrek.com/Images/outlierX.gif]
[stattrek.com/Images/outlierY.gif]
[stattrek.com/Images/outlierXY.gif]
[stattrek.com/Images/outliers.gif]
[stattrek.com/Images/Sp19.jpg]
[stattrek.com/Images/Sp20.jpg]
[stattrek.com/Images/Sp21.jpg]
[stattrek.com/Images/Sp22.jpg]
[stattrek.com/regression/influential-pointsb15b.html]
[stattrek.com/statistics/one-way-tableb15b.html]
[stattrek.com/Images/Bc2.jpg]
[stattrek.com/statistics/two-way-tableb15b.html]
[stattrek.com/Images/Bc3.jpg]
[stattrek.com/statistics/data-collection-methodsb15b.html]
[stattrek.com/survey-research/sampling-methodsb15b.html]
[stattrek.com/survey-research/survey-biasb15b.html]
[stattrek.com/experiments/what-is-an-experimentb15b.html]
[stattrek.com/experiments/experimental-designb15b.html]
[stattrek.com/probability/what-is-probabilityb15b.html]
[stattrek.com/Images/Sp25.jpg]
[stattrek.com/probability/probability-rulesb15b.html]
[stattrek.com/probability/random-variableb15b.html]
[stattrek.com/Images/Sp26.jpg]
[stattrek.com/probability/probability-distributionb15b.html]
[stattrek.com/Images/Sp27.jpg]
[stattrek.com/random-variable/mean-varianceb15b.html]
[stattrek.com/random-variable/independenceb15b.html]
[stattrek.com/random-variable/combinationb15b.html]
[stattrek.com/random-variable/transformationb15b.html]
[stattrek.com/jq-fancybox2/source/jquery.fancybox.pack8cbb.js]
[stattrek.com/jq-fancybox2/source/helpers/jquery.fancybox-buttons3447.js]
[stattrek.com/jq-fancybox2/source/helpers/jquery.fancybox-thumbsf2ad.js]
[stattrek.com/jq-fancybox2/source/helpers/jquery.fancybox-mediac924.js]
[stattrek.com/experiments/simulationb15b.html]
[stattrek.com/probability-distributions/binomialb15b.html]
[stattrek.com/probability-distributions/negative-binomialb15b.html]
[stattrek.com/images/normal2.gif]
[stattrek.com/images/normal1.gif]
[stattrek.com/images/normalprob1.gif]
[stattrek.com/probability-distributions/normalb15b.html]
[stattrek.com/probability-distributions/standard-normalb15b.html]
[stattrek.com/probability-distributions/t-distributionb15b.html]
[stattrek.com/images/ChiSquare.gif]
[stattrek.com/images/ChiSquareProb.gif]
[stattrek.com/probability-distributions/chi-squareb15b.html]
[stattrek.com/sampling/sampling-distributionb15b.html]
[stattrek.com/sampling/difference-in-proportionb15b.html]
[stattrek.com/sampling/difference-in-meansb15b.html]
[stattrek.com/estimation/estimation-in-statisticsb15b.html]
[stattrek.com/estimation/standard-errorb15b.html]
[stattrek.com/estimation/margin-of-errorb15b.html]
[stattrek.com/estimation/confidence-intervalb15b.html]
[stattrek.com/estimation/confidence-interval-proportionb15b.html]
[stattrek.com/estimation/difference-in-proportionsb15b.html]
[stattrek.com/estimation/confidence-interval-meanb15b.html]
[stattrek.com/estimation/difference-in-meansb15b.html]
[stattrek.com/estimation/mean-difference-pairsb15b.html]
[stattrek.com/regression/slope-confidence-intervalb15b.html]
[stattrek.com/hypothesis-test/hypothesis-testingb15b.html]
[stattrek.com/hypothesis-test/power-of-testb15b.html]
[stattrek.com/hypothesis-test/how-to-test-hypothesisb15b.html]
[stattrek.com/hypothesis-test/proportionb15b.html]
[stattrek.com/hypothesis-test/difference-in-proportionsb15b.html]
[stattrek.com/hypothesis-test/meanb15b.html]
[stattrek.com/hypothesis-test/difference-in-meansb15b.html]
[stattrek.com/hypothesis-test/paired-meansb15b.html]
[stattrek.com/chi-square-test/goodness-of-fitb15b.html]
[stattrek.com/chi-square-test/homogeneityb15b.html]
[stattrek.com/chi-square-test/independenceb15b.html]
[stattrek.com/regression/slope-testb15b.html]
[stattrek.com/ap-statistics/practice-testb15b.html]
[stattrek.com/statistics/notationb15b.html]
[stattrek.com/ap-statistics/formulasb15b.html]
[stattrek.com/descriptive-statistics/variables921d.html]
[stattrek.com/tutorials/statistics-tutoriald8c4.html]
[stattrek.com/descriptive-statistics/variablesd8c4.html]
[stattrek.com/descriptive-statistics/central-tendencyd8c4.html]
[stattrek.com/descriptive-statistics/variabilityd8c4.html]
[stattrek.com/descriptive-statistics/measures-of-positiond8c4.html]
[stattrek.com/statistics/charts/data-patternsd8c4.html]
[stattrek.com/statistics/charts/dot-plotd8c4.html]
[stattrek.com/statistics/charts/histogramd8c4.html]
[stattrek.com/statistics/charts/stemplotd8c4.html]
[stattrek.com/statistics/charts/boxplotd8c4.html]
[stattrek.com/statistics/charts/cumulative-plotd8c4.html]
[stattrek.com/statistics/charts/scatterplotd8c4.html]
[stattrek.com/statistics/charts/compare-data-setsd8c4.html]
[stattrek.com/statistics/one-way-tabled8c4.html]
[stattrek.com/statistics/two-way-tabled8c4.html]
[stattrek.com/probability/set-and-subsetd8c4.html]
[stattrek.com/statistics/statistical-experimentd8c4.html]
[stattrek.com/probability/combinations-permutationsd8c4.html]
[stattrek.com/probability/what-is-probabilityd8c4.html]
[stattrek.com/probability/probability-problemsd8c4.html]
[stattrek.com/probability/probability-rulesd8c4.html]
[stattrek.com/probability/bayes-theoremd8c4.html]
[stattrek.com/probability/random-variabled8c4.html]
[stattrek.com/probability/probability-distributiond8c4.html]
[stattrek.com/random-variable/mean-varianced8c4.html]
[stattrek.com/random-variable/independenced8c4.html]
[stattrek.com/random-variable/combinationd8c4.html]
[stattrek.com/random-variable/transformationd8c4.html]
[stattrek.com/sampling/simple-random-samplingd8c4.html]
[stattrek.com/sampling/central-tendencyd8c4.html]
[stattrek.com/sampling/varianced8c4.html]
[stattrek.com/sampling/sampling-distributiond8c4.html]
[stattrek.com/sampling/difference-in-proportiond8c4.html]
[stattrek.com/sampling/difference-in-meansd8c4.html]
[stattrek.com/probability-distributions/probability-distributiond8c4.html]
[stattrek.com/probability-distributions/discrete-continuousd8c4.html]
[stattrek.com/probability-distributions/binomiald8c4.html]
[stattrek.com/probability-distributions/negative-binomiald8c4.html]
[stattrek.com/probability-distributions/hypergeometricd8c4.html]
[stattrek.com/probability-distributions/multinomiald8c4.html]
[stattrek.com/probability-distributions/poissond8c4.html]
[stattrek.com/probability-distributions/normald8c4.html]
[stattrek.com/probability-distributions/standard-normald8c4.html]
[stattrek.com/probability-distributions/t-distributiond8c4.html]
[stattrek.com/probability-distributions/chi-squared8c4.html]
[stattrek.com/probability-distributions/f-distributiond8c4.html]
[stattrek.com/estimation/estimation-in-statisticsd8c4.html]
[stattrek.com/estimation/standard-errord8c4.html]
[stattrek.com/estimation/margin-of-errord8c4.html]
[stattrek.com/estimation/confidence-intervald8c4.html]
[stattrek.com/estimation/confidence-interval-proportiond8c4.html]
[stattrek.com/estimation/proportion-small-sampled8c4.html]
[stattrek.com/estimation/difference-in-proportionsd8c4.html]
[stattrek.com/estimation/confidence-interval-meand8c4.html]
[stattrek.com/estimation/difference-in-meansd8c4.html]
[stattrek.com/estimation/mean-difference-pairsd8c4.html]
[stattrek.com/hypothesis-test/hypothesis-testingd8c4.html]
[stattrek.com/hypothesis-test/how-to-test-hypothesisd8c4.html]
[stattrek.com/hypothesis-test/meand8c4.html]
[stattrek.com/hypothesis-test/difference-in-meansd8c4.html]
[stattrek.com/hypothesis-test/paired-meansd8c4.html]
[stattrek.com/hypothesis-test/proportiond8c4.html]
[stattrek.com/hypothesis-test/proportion-small-sampled8c4.html]
[stattrek.com/hypothesis-test/difference-in-proportionsd8c4.html]
[stattrek.com/hypothesis-test/region-of-acceptanced8c4.html]
[stattrek.com/hypothesis-test/power-of-testd8c4.html]
[stattrek.com/hypothesis-test/statistical-powerd8c4.html]
[stattrek.com/chi-square-test/goodness-of-fitd8c4.html]
[stattrek.com/chi-square-test/homogeneityd8c4.html]
[stattrek.com/chi-square-test/independenced8c4.html]
[stattrek.com/statistics/data-collection-methodsd8c4.html]
[stattrek.com/survey-research/sampling-methodsd8c4.html]
[stattrek.com/survey-research/survey-biasd8c4.html]
[stattrek.com/survey-research/survey-samplingd8c4.html]
[stattrek.com/survey-research/simple-random-sample-analysisd8c4.html]
[stattrek.com/survey-research/stratified-samplingd8c4.html]
[stattrek.com/survey-research/stratified-sampling-analysisd8c4.html]
[stattrek.com/survey-research/cluster-samplingd8c4.html]
[stattrek.com/survey-research/cluster-sampling-analysisd8c4.html]
[stattrek.com/sample-size/simple-random-sampled8c4.html]
[stattrek.com/sample-size/stratified-sampled8c4.html]
[stattrek.com/survey-research/compare-sampling-methodsd8c4.html]
[stattrek.com/statistics/measurement-scalesd8c4.html]
[stattrek.com/statistics/correlationd8c4.html]
[stattrek.com/regression/linear-regressiond8c4.html]
[stattrek.com/regression/regression-exampled8c4.html]
[stattrek.com/regression/residual-analysisd8c4.html]
[stattrek.com/regression/linear-transformationd8c4.html]
[stattrek.com/regression/influential-pointsd8c4.html]
[stattrek.com/regression/slope-confidence-intervald8c4.html]
[stattrek.com/regression/slope-testd8c4.html]
[stattrek.com/experiments/what-is-an-experimentd8c4.html]
[stattrek.com/experiments/experimental-designd8c4.html]
[stattrek.com/experiments/simulationd8c4.html]
[stattrek.com/statistics/notationd8c4.html]
[stattrek.com/statistics/formulasd8c4.html]
[stattrek.com/matrix-algebra/matrix.html]
[stattrek.com/css/theme1/matrix-toc.css]
[stattrek.com/matrix-algebra/matrix-type.html]
[stattrek.com/matrix-algebra/matrix-addition.html]
[stattrek.com/matrix-algebra/matrix-multiplication.html]
[stattrek.com/matrix-algebra/vector-multiplication.html]
[stattrek.com/matrix-algebra/elementary-operations.html]
[stattrek.com/matrix-algebra/echelon-form.html]
[stattrek.com/matrix-algebra/echelon-transform.html]
[stattrek.com/matrix-algebra/independent-vector.html]
[stattrek.com/matrix-algebra/matrix-rank.html]
[stattrek.com/matrix-algebra/matrix-determinant.html]
[stattrek.com/matrix-algebra/matrix-inverse.html]
[stattrek.com/matrix-algebra/find-matrix-inverse.html]
[stattrek.com/matrix-algebra/how-to-find-inverse.html]
[stattrek.com/matrix-algebra/system-of-equations.html]
[stattrek.com/matrix-algebra/sum-of-elements.html]
[stattrek.com/matrix-algebra/vector-mean.html]
[stattrek.com/matrix-algebra/deviation-score.html]
[stattrek.com/matrix-algebra/sums-of-squares.html]
[stattrek.com/matrix-algebra/covariance-matrix.html]
[stattrek.com/matrix-algebra/matrix-theorems.html]
[stattrek.com/matrix-algebra/matrix-notation.html]
[stattrek.com/css/theme1/exam.css]
[stattrek.com/descriptive-statistics/central-tendencya225.html]
[stattrek.com/descriptive-statistics/variabilitya225.html]
[stattrek.com/estimation/difference-in-meansa225.html]
[stattrek.com/regression/linear-regressiona225.html]
[stattrek.com/statistics/correlationa225.html]
[stattrek.com/regression/slope-testa225.html]
[stattrek.com/probability/probability-rulesa225.html]
[stattrek.com/random-variable/mean-variancea225.html]
[stattrek.com/statistics/dictionaryc48f.html]
[stattrek.com/probability-distributions/binomiala225.html]
[stattrek.com/sampling/sampling-distributiona225.html]
[stattrek.com/hypothesis-test/how-to-test-hypothesisa225.html]
[stattrek.com/estimation/confidence-intervala225.html]
[stattrek.com/estimation/confidence-interval-meana225.html]
[stattrek.com/estimation/confidence-interval-proportiona225.html]
[stattrek.com/sampling/difference-in-meansa225.html]
[stattrek.com/sampling/difference-in-proportiona225.html]
[stattrek.com/estimation/difference-in-proportionsa225.html]
[stattrek.com/chi-square-test/goodness-of-fita225.html]
[stattrek.com/ap-statistics/Study-Guide-2.html]
[stattrek.com/js/mobile/maintainScrollPosition.js]
[stattrek.com/m/online-calculator/chi-square.html]
[stattrek.com/probability-distributions/chi-square.html]
[stattrek.com/statistics/dictionary68a2.html]
[stattrek.com/statistics/dictionary3a45.html]
[stattrek.com/m/online-calculator/f-distribution.html]
[stattrek.com/probability-distributions/f-distribution.html]
[stattrek.com/statistics/dictionary0fa4.html]
[stattrek.com/statistics/dictionaryf5fc.html]
[stattrek.com/m/online-calculator/hypergeometric.html]
[stattrek.com/probability-distributions/hypergeometric.html]
[stattrek.com/probability-distributions/multinomial.html]
[stattrek.com/statistics/dictionary25cb.html]
[stattrek.com/statistics/dictionary9ac3.html]
[stattrek.com/probability-distributions/negative-binomial.html]
[stattrek.com/statistics/dictionary1007.html]
[stattrek.com/statistics/dictionary7bd4.html]
[stattrek.com/statistics/dictionaryb5bc.html]
[stattrek.com/statistics/dictionary9aba.html]
[stattrek.com/probability-distributions/normal.html]
[stattrek.com/statistics/dictionary6523.html]
[stattrek.com/statistics/dictionary3bd5.html]
[stattrek.com/probability-distributions/poisson.html]
[stattrek.com/probability-distributions/t-distribution.html]
[stattrek.com/statistics/dictionaryf2fe.html]
[stattrek.com/statistics/dictionaryfa8a.html]
[stattrek.com/statistics/dictionary9116.html]
[stattrek.com/statistics/dictionaryd8a9.html]
[stattrek.com/statistics/dictionary5d98.html]
[stattrek.com/statistics/dictionary9170.html]
[stattrek.com/statistics/dictionary9b12.html]
[stattrek.com/statistics/dictionary8cff.html]
[stattrek.com/probability/probability-rules.html]
[stattrek.com/statistics/dictionary91d7.html]
[stattrek.com/statistics/dictionaryca64.html]
[stattrek.com/statistics/dictionary6b55.html]
[stattrek.com/probability/bayes-theorem.html]
[stattrek.com/statistics/dictionarybb4e.html]
[stattrek.com/probability/combinations-permutations.html]
[stattrek.com/statistics/dictionary25f0.html]
[stattrek.com/statistics/dictionarya02b.html]
[stattrek.com/statistics/dictionary048e.html]
[stattrek.com/css/controls.css]
[stattrek.com/statistics/dictionarya805.html]
[stattrek.com/sampling/difference-in-proportion.html]
[stattrek.com/descriptive-statistics/central-tendency921d.html]
[stattrek.com/descriptive-statistics/variability921d.html]
[stattrek.com/sampling/variance921d.html]
[stattrek.com/descriptive-statistics/measures-of-position921d.html]
[stattrek.com/statistics/correlation921d.html]
[stattrek.com/statistics/dictionary6281.html]
[stattrek.com/hypothesis-test/difference-in-proportions921d.html]
[stattrek.com/estimation/difference-in-means921d.html]
[stattrek.com/regression/linear-regression921d.html]
[stattrek.com/regression/slope-test921d.html]
[stattrek.com/probability/combinations-permutations921d.html]
[stattrek.com/probability/probability-rules921d.html]
[stattrek.com/random-variable/mean-variance921d.html]
[stattrek.com/probability-distributions/chi-square921d.html]
[stattrek.com/probability-distributions/f-distribution921d.html]
[stattrek.com/random-variable/combination921d.html]
[stattrek.com/sampling/sampling-distribution921d.html]
[stattrek.com/estimation/confidence-interval-proportion921d.html]
[stattrek.com/estimation/confidence-interval-mean921d.html]
[stattrek.com/sampling/difference-in-means921d.html]
[stattrek.com/sampling/difference-in-proportion921d.html]
[stattrek.com/hypothesis-test/difference-in-means921d.html]
[stattrek.com/hypothesis-test/paired-means921d.html]
[stattrek.com/probability-distributions/binomial921d.html]
[stattrek.com/probability-distributions/negative-binomial921d.html]
[stattrek.com/probability-distributions/hypergeometric921d.html]
[stattrek.com/probability-distributions/poisson921d.html]
[stattrek.com/probability-distributions/multinomial921d.html]
[stattrek.com/statistics/dictionaryb2bd.html]
[stattrek.com/random-variable/transformation921d.html]
[stattrek.com/probability-distributions/standard-normal921d.html]
[stattrek.com/probability-distributions/t-distribution921d.html]
[stattrek.com/estimation/confidence-interval921d.html]
[stattrek.com/estimation/margin-of-error921d.html]
[stattrek.com/hypothesis-test/how-to-test-hypothesis921d.html]
[stattrek.com/hypothesis-test/proportion921d.html]
[stattrek.com/hypothesis-test/mean921d.html]
[stattrek.com/chi-square-test/goodness-of-fit921d.html]
[stattrek.com/chi-square-test/homogeneity921d.html]
[stattrek.com/chi-square-test/independence921d.html]
[stattrek.com/sample-size/simple-random-sample921d.html]
[stattrek.com/sample-size/stratified-sample921d.html]
[stattrek.com/statistics/dictionarycfe7.html]
[stattrek.com/statistics/dictionaryaca3.html]
[stattrek.com/statistics/dictionaryc756.html]
[stattrek.com/statistics/dictionaryf6b3.html]
[stattrek.com/statistics/dictionary7bee.html]
[stattrek.com/statistics/dictionary1dc8.html]
[stattrek.com/statistics/dictionary9ccc.html]
[stattrek.com/statistics/dictionary99c7.html]
[stattrek.com/statistics/dictionary28de.html]
[stattrek.com/statistics/dictionary0d7a.html]
[stattrek.com/statistics/dictionaryaaf8.html]
[stattrek.com/statistics/dictionary7d39.html]
[stattrek.com/statistics/dictionaryf90a.html]
[stattrek.com/statistics/dictionary1b61.html]
[stattrek.com/statistics/dictionary8347.html]
[stattrek.com/statistics/dictionary986b.html]
[stattrek.com/statistics/dictionary1575.html]
[stattrek.com/statistics/dictionarya5d7.html]
[stattrek.com/statistics/dictionary7170.html]
[stattrek.com/statistics/dictionary43bb.html]
[stattrek.com/statistics/dictionary340d.html]
[stattrek.com/statistics/dictionarybd43.html]
[stattrek.com/statistics/dictionary3e52.html]
[stattrek.com/sample-planning-wizard/wizardb293.html]
[stattrek.com/m/statistics/resources.html]
[stattrek.com/css/mobile1/elements.css]
[stattrek.com/css/mobile1/tweaks.css]
[stattrek.com/css/mobile1/ads.css]
[stattrek.com/css/mobile1/controls.css]
[stattrek.com/m/POST.html]
[stattrek.com/m/Firefox/index.html]
[stattrek.com/m/AppleWebKit/index.html]
[stattrek.com/m/Opera/index.html]
[stattrek.com/m/MicrosoftAjaxWebForms.html]
[stattrek.com/m/MicrosoftAjaxSerialization.html]
[stattrek.com/m/MicrosoftAjaxNetwork.html]
[stattrek.com/statistics/dictionary48dc.html]
[stattrek.com/statistics/dictionary9575.html]
[stattrek.com/statistics/dictionary8a44.html]
[stattrek.com/statistics/dictionary4a6e.html]
[stattrek.com/probability-distributions/probability-distribution.html]
[stattrek.com/statistics/dictionary0a94.html]
[stattrek.com/sampling/simple-random-sampling.html]
[stattrek.com/statistics/dictionary19ec.html]
[stattrek.com/jq/fancybox/fancybox.png]
[stattrek.com/jq/fancybox/blank.gif]
[stattrek.com/jq/fancybox/fancybox-x.png]
[stattrek.com/jq/fancybox/fancybox-y.png]
[stattrek.com/jq/fancybox/fancy_title_over.png]
[stattrek.com/jq/fancybox/jquery.fancybox-1.3.4.css]
[stattrek.com/statistics/dictionary3b6b.html]
[stattrek.com/statistics/dictionaryda87.html]
[stattrek.com/sampling/populations-and-samplesa225.html]
[stattrek.com/statistics/dictionaryfc68.html]
[stattrek.com/statistics/dictionary617a.html]
[stattrek.com/statistics/dictionaryd32e.html]
[stattrek.com/statistics/dictionary4c94.html]
[stattrek.com/statistics/dictionarycb55.html]
[stattrek.com/descriptive-statistics/measures-of-positiona225.html]
[stattrek.com/statistics/dictionary2316.html]
[stattrek.com/statistics/dictionary29a0.html]
[stattrek.com/statistics/charts/data-patternsa225.html]
[stattrek.com/statistics/dictionaryddc0.html]
[stattrek.com/statistics/dictionaryb23d.html]
[stattrek.com/statistics/dictionary0799.html]
[stattrek.com/statistics/dictionaryce25.html]
[stattrek.com/statistics/charts/dot-plota225.html]
[stattrek.com/statistics/dictionaryb9b4.html]
[stattrek.com/statistics/dictionarya08e.html]
[stattrek.com/statistics/dictionary24c7.html]
[stattrek.com/statistics/dictionary0aa3.html]
[stattrek.com/statistics/dictionaryd476.html]
[stattrek.com/statistics/charts/histograma225.html]
[stattrek.com/statistics/dictionarya24f.html]
[stattrek.com/statistics/dictionary941b.html]
[stattrek.com/statistics/dictionary1121.html]
[stattrek.com/statistics/charts/stemplota225.html]
[stattrek.com/statistics/dictionary67f9.html]
[stattrek.com/statistics/dictionary97c7.html]
[stattrek.com/statistics/dictionary5071.html]
[stattrek.com/statistics/charts/boxplota225.html]
[stattrek.com/statistics/dictionaryd447.html]
[stattrek.com/statistics/charts/cumulative-plota225.html]
[stattrek.com/statistics/dictionaryaeb3.html]
[stattrek.com/statistics/dictionary4557.html]
[stattrek.com/statistics/dictionary1191.html]
[stattrek.com/statistics/charts/scatterplota225.html]
[stattrek.com/statistics/dictionaryc8ce.html]
[stattrek.com/statistics/charts/compare-data-setsa225.html]
[stattrek.com/statistics/dictionary78c3.html]
[stattrek.com/statistics/dictionaryf12b.html]
[stattrek.com/statistics/dictionary51c3.html]
[stattrek.com/statistics/measurement-scalesa225.html]
[stattrek.com/statistics/dictionaryc272.html]
[stattrek.com/statistics/dictionaryb3fb.html]
[stattrek.com/Images/Line2.gif]
[stattrek.com/statistics/dictionary3272.html]
[stattrek.com/regression/Regression-Exampleb15b-2.html]
[stattrek.com/statistics/dictionary7049.html]
[stattrek.com/regression/residual-analysis.html]
[stattrek.com/statistics/dictionary0fe2.html]
[stattrek.com/statistics/dictionary1738.html]
[stattrek.com/statistics/dictionary1a8f.html]
[stattrek.com/regression/regression-examplea225.html]
[stattrek.com/Images/Line3.gif]
[stattrek.com/statistics/dictionarybcf8.html]
[stattrek.com/statistics/dictionaryade1.html]
[stattrek.com/statistics/dictionaryba42.html]
[stattrek.com/regression/residual-analysisa225.html]
[stattrek.com/regression/linear-transformationa225.html]
[stattrek.com/statistics/dictionaryed3e.html]
[stattrek.com/statistics/dictionarye2f3.html]
[stattrek.com/statistics/dictionary8341.html]
[stattrek.com/statistics/dictionary1803.html]
[stattrek.com/regression/influential-pointsa225.html]
[stattrek.com/statistics/dictionary744e.html]
[stattrek.com/statistics/one-way-tablea225.html]
[stattrek.com/statistics/dictionary9eac.html]
[stattrek.com/statistics/dictionary0e40.html]
[stattrek.com/statistics/two-way-tablea225.html]
[stattrek.com/statistics/dictionary1b14.html]
[stattrek.com/statistics/dictionary5c38.html]
[stattrek.com/statistics/data-collection-methodsa225.html]
[stattrek.com/survey-research/sampling-methodsa225.html]
[stattrek.com/statistics/dictionary5e22.html]
[stattrek.com/statistics/dictionary025b.html]
[stattrek.com/survey-research/survey-biasa225.html]
[stattrek.com/statistics/dictionarybfb0.html]
[stattrek.com/statistics/dictionary92b3.html]
[stattrek.com/statistics/dictionaryd5d9.html]
[stattrek.com/statistics/dictionary6b8f.html]
[stattrek.com/statistics/dictionaryec63.html]
[stattrek.com/statistics/dictionary9484.html]
[stattrek.com/statistics/dictionaryc8a6.html]
[stattrek.com/statistics/dictionarye584.html]
[stattrek.com/experiments/what-is-an-experimenta225.html]
[stattrek.com/statistics/dictionary1aa6.html]
[stattrek.com/statistics/dictionary8938.html]
[stattrek.com/statistics/dictionary7392.html]
[stattrek.com/statistics/dictionaryc8ad.html]
[stattrek.com/statistics/dictionary7798.html]
[stattrek.com/experiments/experimental-designa225.html]
[stattrek.com/statistics/dictionary328f.html]
[stattrek.com/statistics/dictionary993d.html]
[stattrek.com/statistics/dictionary3c87.html]
[stattrek.com/statistics/dictionary3788.html]
[stattrek.com/statistics/dictionary5bd0.html]
[stattrek.com/statistics/dictionaryd39f.html]
[stattrek.com/statistics/dictionary2755.html]
[stattrek.com/probability/what-is-probabilitya225.html]
[stattrek.com/statistics/dictionary1373.html]
[stattrek.com/probability/random-variablea225.html]
[stattrek.com/statistics/dictionary8e74.html]
[stattrek.com/probability/probability-distributiona225.html]
[stattrek.com/statistics/dictionaryd683.html]
[stattrek.com/statistics/dictionary22b9.html]
[stattrek.com/random-variable/independencea225.html]
[stattrek.com/statistics/dictionary4abd.html]
[stattrek.com/random-variable/combinationa225.html]
[stattrek.com/random-variable/transformationa225.html]
[stattrek.com/jq-fancybox2/source/fancybox_sprite.png]
[stattrek.com/jq-fancybox2/source/fancybox_loading.gif]
[stattrek.com/jq-fancybox2/source/blank.gif]
[stattrek.com/jq-fancybox2/source/fancybox_overlay.png]
[stattrek.com/jq-fancybox2/source/fancybox_sprite@2x.png]
[stattrek.com/jq-fancybox2/source/jquery.fancybox8cbb.css]
[stattrek.com/jq-fancybox/lib/jquery.mousewheel-3.0.6.pack.html]
[stattrek.com/jq-fancybox2/source/fancybox_loading@2x.gif]
[stattrek.com/jq-fancybox2/source/helpers/jquery.fancybox-buttons3447.css]
[stattrek.com/jq-fancybox2/source/helpers/jquery.fancybox-thumbsf2ad.css]
[stattrek.com/jq-fancybox2/source/helpers/fancybox_buttons.png]
[stattrek.com/experiments/simulationa225.html]
[stattrek.com/statistics/dictionary18f3.html]
[stattrek.com/probability-distributions/negative-binomiala225.html]
[stattrek.com/probability-distributions/normala225.html]
[stattrek.com/statistics/dictionaryd369.html]
[stattrek.com/statistics/dictionary56f9.html]
[stattrek.com/probability-distributions/standard-normala225.html]
[stattrek.com/statistics/dictionary47fa.html]
[stattrek.com/statistics/dictionary00f9.html]
[stattrek.com/statistics/dictionary96f6.html]
[stattrek.com/probability-distributions/t-distributiona225.html]
[stattrek.com/statistics/dictionary479d.html]
[stattrek.com/statistics/dictionarya129.html]
[stattrek.com/statistics/dictionaryc37d.html]
[stattrek.com/probability-distributions/chi-squarea225.html]
[stattrek.com/statistics/dictionary3aa0.html]
[stattrek.com/statistics/dictionaryff7d.html]
[stattrek.com/statistics/dictionary3cc6.html]
[stattrek.com/statistics/dictionaryd110.html]
[stattrek.com/statistics/dictionary6f89.html]
[stattrek.com/sampling/sampling-distribution.html]
[stattrek.com/estimation/estimation-in-statisticsa225.html]
[stattrek.com/statistics/dictionary97c4.html]
[stattrek.com/estimation/standard-errora225.html]
[stattrek.com/statistics/dictionary39fe.html]
[stattrek.com/statistics/dictionarydaf2.html]
[stattrek.com/estimation/margin-of-errora225.html]
[stattrek.com/statistics/dictionary9de4.html]
[stattrek.com/statistics/dictionaryfb73.html]
[stattrek.com/statistics/dictionary0882.html]
[stattrek.com/statistics/dictionary864a.html]
[stattrek.com/statistics/dictionaryb0d9.html]
[stattrek.com/statistics/dictionarya34a.html]
[stattrek.com/estimation/margin-of-error.html]
[stattrek.com/estimation/confidence-interval.html]
[stattrek.com/statistics/dictionary3b4b.html]
[stattrek.com/statistics/dictionaryc38d.html]
[stattrek.com/statistics/dictionary22a0.html]
[stattrek.com/statistics/dictionary66ae.html]
[stattrek.com/estimation/mean-difference-pairsa225.html]
[stattrek.com/statistics/dictionaryf10a.html]
[stattrek.com/regression/slope-confidence-intervala225.html]
[stattrek.com/regression/linear-regression.html]
[stattrek.com/hypothesis-test/hypothesis-testinga225.html]
[stattrek.com/hypothesis-test/power-of-testa225.html]
[stattrek.com/statistics/dictionary52bb.html]
[stattrek.com/statistics/dictionaryebd3.html]
[stattrek.com/estimation/standard-error.html]
[stattrek.com/chi-square-test/goodness-of-fit.html]
[stattrek.com/hypothesis-test/proportiona225.html]
[stattrek.com/hypothesis-test/difference-in-proportionsa225.html]
[stattrek.com/hypothesis-test/meana225.html]
[stattrek.com/hypothesis-test/difference-in-meansa225.html]
[stattrek.com/hypothesis-test/paired-meansa225.html]
[stattrek.com/chi-square-test/homogeneitya225.html]
[stattrek.com/chi-square-test/independencea225.html]
[stattrek.com/statistics/dictionary5f76.html]
[stattrek.com/statistics/dictionary2f0f.html]
[stattrek.com/statistics/dictionary7987.html]
[stattrek.com/statistics/dictionarye42a.html]
[stattrek.com/statistics/dictionary7c72.html]
[stattrek.com/statistics/dictionary1151.html]
[stattrek.com/statistics/dictionary0462.html]
[stattrek.com/statistics/dictionary7d09.html]
[stattrek.com/statistics/dictionaryefee.html]
[stattrek.com/statistics/dictionaryf56b.html]
[stattrek.com/statistics/dictionary6e6f.html]
[stattrek.com/statistics/dictionarye90b.html]
[stattrek.com/statistics/dictionaryd5d6.html]
[stattrek.com/statistics/dictionaryb8ac.html]
[stattrek.com/statistics/dictionaryf1c8.html]
[stattrek.com/statistics/notationa225.html]
[stattrek.com/ap-statistics/formulasa225.html]
[stattrek.com/tutorials/statistics-tutorial921d.html]
[stattrek.com/statistics/charts/data-patterns921d.html]
[stattrek.com/statistics/charts/dot-plot921d.html]
[stattrek.com/statistics/charts/histogram921d.html]
[stattrek.com/statistics/charts/stemplot921d.html]
[stattrek.com/statistics/charts/boxplot921d.html]
[stattrek.com/statistics/charts/cumulative-plot921d.html]
[stattrek.com/statistics/charts/scatterplot921d.html]
[stattrek.com/statistics/charts/compare-data-sets921d.html]
[stattrek.com/statistics/one-way-table921d.html]
[stattrek.com/statistics/two-way-table921d.html]
[stattrek.com/probability/set-and-subset921d.html]
[stattrek.com/statistics/statistical-experiment921d.html]
[stattrek.com/probability/what-is-probability921d.html]
[stattrek.com/probability/probability-problems921d.html]
[stattrek.com/statistics/dictionary787c.html]
[stattrek.com/statistics/dictionarydc16.html]
[stattrek.com/probability/bayes-theorem921d.html]
[stattrek.com/probability/random-variable921d.html]
[stattrek.com/probability/probability-distribution921d.html]
[stattrek.com/random-variable/independence921d.html]
[stattrek.com/sampling/simple-random-sampling921d.html]
[stattrek.com/sampling/central-tendency921d.html]
[stattrek.com/css/MathML.css]
[stattrek.com/probability-distributions/probability-distribution921d.html]
[stattrek.com/probability-distributions/discrete-continuous921d.html]
[stattrek.com/statistics/dictionary38f3.html]
[stattrek.com/statistics/dictionarybbd4.html]
[stattrek.com/probability-distributions/normal921d.html]
[stattrek.com/statistics/dictionary9493.html]
[stattrek.com/estimation/estimation-in-statistics921d.html]
[stattrek.com/estimation/standard-error921d.html]
[stattrek.com/estimation/proportion-small-sample921d.html]
[stattrek.com/statistics/dictionary576e.html]
[stattrek.com/statistics/dictionary9a25.html]
[stattrek.com/statistics/dictionary0341.html]
[stattrek.com/statistics/dictionary5102.html]
[stattrek.com/estimation/difference-in-proportions921d.html]
[stattrek.com/estimation/mean-difference-pairs921d.html]
[stattrek.com/hypothesis-test/hypothesis-testing921d.html]
[stattrek.com/hypothesis-test/proportion-small-sample921d.html]
[stattrek.com/statistics/dictionaryd773.html]
[stattrek.com/statistics/dictionarydbfa.html]
[stattrek.com/statistics/dictionary83b7.html]
[stattrek.com/statistics/dictionary4e3b.html]
[stattrek.com/statistics/dictionary2b89.html]
[stattrek.com/statistics/dictionary6c9a.html]
[stattrek.com/hypothesis-test/region-of-acceptance921d.html]
[stattrek.com/statistics/dictionary775a.html]
[stattrek.com/hypothesis-test/power-of-test921d.html]
[stattrek.com/hypothesis-test/statistical-power921d.html]
[stattrek.com/statistics/dictionary30f0.html]
[stattrek.com/hypothesis-test/region-of-acceptance.html]
[stattrek.com/statistics/data-collection-methods921d.html]
[stattrek.com/survey-research/sampling-methods921d.html]
[stattrek.com/survey-research/survey-bias921d.html]
[stattrek.com/survey-research/survey-sampling921d.html]
[stattrek.com/survey-research/simple-random-sample-analysis.html]
[stattrek.com/survey-research/stratified-sampling.html]
[stattrek.com/survey-research/cluster-sampling.html]
[stattrek.com/survey-research/simple-random-sample-analysis921d.html]
[stattrek.com/statistics/dictionaryb1a8.html]
[stattrek.com/statistics/dictionarya1cf.html]
[stattrek.com/survey-research/compare-sampling-methods921d.html]
[stattrek.com/statistics/dictionary9855.html]
[stattrek.com/survey-research/stratified-sampling921d.html]
[stattrek.com/statistics/dictionaryedad.html]
[stattrek.com/statistics/dictionary3b7e.html]
[stattrek.com/statistics/dictionarya7c1.html]
[stattrek.com/statistics/dictionarye0f4.html]
[stattrek.com/sample-size/stratified-sample.html]
[stattrek.com/survey-research/stratified-sampling-analysis921d.html]
[stattrek.com/statistics/dictionarya9bf.html]
[stattrek.com/survey-research/compare-sampling-methods.html]
[stattrek.com/survey-research/cluster-sampling921d.html]
[stattrek.com/statistics/dictionary39af.html]
[stattrek.com/statistics/dictionary7436.html]
[stattrek.com/survey-research/cluster-sampling-analysis921d.html]
[stattrek.com/statistics/dictionarya4a2.html]
[stattrek.com/statistics/dictionary7ade.html]
[stattrek.com/statistics/dictionary82cf.html]
[stattrek.com/statistics/dictionary70dc.html]
[stattrek.com/statistics/dictionary339c.html]
[stattrek.com/statistics/dictionary8c78.html]
[stattrek.com/statistics/dictionarye3ce.html]
[stattrek.com/statistics/dictionaryf8bc.html]
[stattrek.com/statistics/dictionaryedfc.html]
[stattrek.com/statistics/dictionaryd235.html]
[stattrek.com/statistics/dictionaryc499.html]
[stattrek.com/statistics/measurement-scales921d.html]
[stattrek.com/regression/Regression-Exampled8c4-2.html]
[stattrek.com/regression/regression-example921d.html]
[stattrek.com/regression/residual-analysis921d.html]
[stattrek.com/regression/linear-transformation921d.html]
[stattrek.com/regression/influential-points921d.html]
[stattrek.com/regression/slope-confidence-interval921d.html]
[stattrek.com/experiments/what-is-an-experiment921d.html]
[stattrek.com/experiments/experimental-design921d.html]
[stattrek.com/experiments/simulation921d.html]
[stattrek.com/statistics/notation921d.html]
[stattrek.com/statistics/formulas921d.html]
[stattrek.com/statistics/dictionary6f0e.html]
[stattrek.com/statistics/dictionary71b7.html]
[stattrek.com/statistics/dictionaryb1c3.html]
[stattrek.com/statistics/dictionaryc774.html]
[stattrek.com/statistics/dictionarycc3d.html]
[stattrek.com/statistics/dictionary8025.html]
[stattrek.com/statistics/dictionary5423.html]
[stattrek.com/statistics/dictionaryce02.html]
[stattrek.com/statistics/dictionary4dc7.html]
[stattrek.com/statistics/dictionary5cd6.html]
[stattrek.com/statistics/dictionary9d32.html]
[stattrek.com/statistics/dictionary4df7.html]
[stattrek.com/statistics/dictionarye8a3.html]
[stattrek.com/statistics/dictionaryf7d8.html]
[stattrek.com/statistics/dictionary2141.html]
[stattrek.com/statistics/dictionary3d12.html]
[stattrek.com/statistics/dictionary7754.html]
[stattrek.com/statistics/dictionaryf65c.html]
[stattrek.com/statistics/dictionary6604.html]
[stattrek.com/statistics/dictionaryf08f.html]
[stattrek.com/statistics/dictionary1449.html]
[stattrek.com/statistics/dictionary9b57.html]
[stattrek.com/statistics/dictionarya98b.html]
[stattrek.com/statistics/dictionary74f4.html]
[stattrek.com/regression/Regression-Example1602.html]
[stattrek.com/statistics/dictionary358a.html]
[stattrek.com/statistics/dictionaryb914.html]
[stattrek.com/statistics/dictionary6ced.html]
[stattrek.com/survey-research/sampling-methods.html]
[stattrek.com/sampling/populations-and-samples.html]
[stattrek.com/statistics/dictionary71a6.html]
[stattrek.com/statistics/dictionary8ee3.html]
[stattrek.com/statistics/dictionary7a18.html]
[stattrek.com/statistics/dictionary2cdb.html]
[stattrek.com/statistics/statistical-experiment3973.html]
[stattrek.com/statistics/dictionary8685.html]
[stattrek.com/random-variable/combination.html]
[stattrek.com/statistics/dictionarydb61.html]
[stattrek.com/statistics/dictionary8d90.html]
[stattrek.com/statistics/dictionary345b.html]
[stattrek.com/statistics/dictionarya784.html]
[stattrek.com/statistics/dictionary609a.html]
[stattrek.com/statistics/dictionaryb5d5.html]
[stattrek.com/statistics/dictionaryf8dc.html]
[stattrek.com/statistics/dictionary1652.html]
[stattrek.com/statistics/dictionary7f32.html]
[stattrek.com/sampling/variance.html]
[stattrek.com/descriptive-statistics/variability.html]
[stattrek.com/random-variable/mean-variance.html]
[stattrek.com/statistics/dictionaryefd5.html]
[stattrek.com/statistics/dictionary79b2.html]
[stattrek.com/statistics/dictionaryeffe.html]
[stattrek.com/statistics/dictionaryd93f.html]
[stattrek.com/statistics/dictionary086b.html]
[stattrek.com/statistics/dictionary4207.html]
[stattrek.com/statistics/dictionary040a.html]
[stattrek.com/probability/probability-problems.html]
[stattrek.com/statistics/dictionary1d41.html]
[stattrek.com/probability/set-and-subset.html]
[stattrek.com/statistics/dictionary5392.html]
[stattrek.com/statistics/dictionaryf012.html]
[stattrek.com/statistics/dictionary500f.html]
[stattrek.com/statistics/dictionary36d3.html]
[stattrek.com/statistics/dictionary977b.html]
[stattrek.com/statistics/dictionary7eb5.html]
[stattrek.com/statistics/dictionaryde09.html]
[stattrek.com/descriptive-statistics/measures-of-position.html]
[stattrek.com/statistics/dictionary509b.html]
[stattrek.com/regression/Regression-Example8306.html]
[stattrek.com/statistics/dictionary8d80.html]
[stattrek.com/random-variable/transformation.html]
[stattrek.com/regression/linear-transformation.html]
[stattrek.com/statistics/dictionary7e39.html]
[stattrek.com/descriptive-statistics/variables.html]
[stattrek.com/statistics/dictionary4906.html]
[stattrek.com/statistics/dictionary33cb.html]
[stattrek.com/probability/what-is-probability.html]
[stattrek.com/statistics/dictionary4fd5.html]
[stattrek.com/statistics/dictionary68a8.html]
[stattrek.com/statistics/dictionaryf568.html]
[stattrek.com/statistics/dictionaryd3af.html]
[stattrek.com/statistics/dictionary6c59.html]
[stattrek.com/statistics/dictionary913b.html]
[stattrek.com/statistics/dictionaryda2a.html]
[stattrek.com/statistics/dictionarya85c.html]
[stattrek.com/statistics/dictionary01a1.html]
[stattrek.com/hypothesis-test/hypothesis-testing.html]
[stattrek.com/statistics/dictionary9f72.html]
[stattrek.com/statistics/dictionary4c9e.html]
[stattrek.com/statistics/dictionary7cb0.html]
[stattrek.com/statistics/dictionaryc3d8.html]
[stattrek.com/statistics/dictionaryab40.html]
[stattrek.com/statistics/dictionary0b10.html]
[stattrek.com/statistics/dictionarybb90.html]
[stattrek.com/statistics/dictionary9234.html]
[stattrek.com/statistics/dictionary3de6.html]
[stattrek.com/survey-research/survey-sampling.html]
[stattrek.com/statistics/dictionaryb92b.html]
[stattrek.com/statistics/dictionary3238.html]
[stattrek.com/statistics/dictionary3281.html]
[stattrek.com/jq/fancybox/fancybox/fancy_close.html]
[stattrek.com/jq/fancybox/fancybox/fancy_nav_left.html]
[stattrek.com/jq/fancybox/fancybox/fancy_nav_right.html]
[stattrek.com/jq/fancybox/fancybox/fancy_title_over.html]
[stattrek.com/jq/fancybox/fancybox/fancy_title_left.html]
[stattrek.com/jq/fancybox/fancybox/fancy_title_main.html]
[stattrek.com/jq/fancybox/fancybox/fancy_title_right.html]
[stattrek.com/jq/fancybox/fancybox/fancy_loading.html]
[stattrek.com/jq/fancybox/fancybox/fancy_shadow_n.html]
[stattrek.com/jq/fancybox/fancybox/fancy_shadow_ne.html]
[stattrek.com/jq/fancybox/fancybox/fancy_shadow_e.html]
[stattrek.com/jq/fancybox/fancybox/fancy_shadow_se.html]
[stattrek.com/jq/fancybox/fancybox/fancy_shadow_s.html]
[stattrek.com/jq/fancybox/fancybox/fancy_shadow_sw.html]
[stattrek.com/jq/fancybox/fancybox/fancy_shadow_w.html]
[stattrek.com/jq/fancybox/fancybox/fancy_shadow_nw.html]
[stattrek.com/statistics/dictionary75be.html]
[stattrek.com/sampling/central-tendency.html]
[stattrek.com/descriptive-statistics/central-tendency.html]
[stattrek.com/estimation/estimation-in-statistics.html]
[stattrek.com/statistics/dictionary7845.html]
[stattrek.com/statistics/dictionary4768.html]
[stattrek.com/statistics/dictionaryf582.html]
[stattrek.com/statistics/charts/data-patterns.html]
[stattrek.com/statistics/dictionary9dda.html]
[stattrek.com/statistics/dictionary027c.html]
[stattrek.com/regression/influential-points.html]
[stattrek.com/statistics/dictionary8924.html]
[stattrek.com/statistics/charts/dot-plot.html]
[stattrek.com/statistics/dictionary832f.html]
[stattrek.com/statistics/charts/histogram.html]
[stattrek.com/statistics/dictionary3443.html]
[stattrek.com/statistics/dictionaryc054.html]
[stattrek.com/statistics/dictionary5a68.html]
[stattrek.com/probability-distributions/discrete-continuous.html]
[stattrek.com/statistics/dictionary57e8.html]
[stattrek.com/statistics/dictionary8ed9.html]
[stattrek.com/statistics/charts/stemplot.html]
[stattrek.com/statistics/dictionarydca4.html]
[stattrek.com/statistics/charts/boxplot.html]
[stattrek.com/statistics/dictionary8e01.html]
[stattrek.com/statistics/charts/compare-data-sets.html]
[stattrek.com/statistics/dictionary1809.html]
[stattrek.com/statistics/dictionary104e.html]
[stattrek.com/statistics/charts/scatterplot.html]
[stattrek.com/statistics/correlation.html]
[stattrek.com/statistics/dictionary8f64.html]
[stattrek.com/statistics/dictionary75b3.html]
[stattrek.com/statistics/dictionary84c3.html]
[stattrek.com/statistics/dictionary9b82.html]
[stattrek.com/statistics/dictionary5976.html]
[stattrek.com/statistics/dictionary8187.html]
[stattrek.com/statistics/dictionary5ec2.html]
[stattrek.com/statistics/dictionary1a85.html]
[stattrek.com/statistics/dictionaryc9a6.html]
[stattrek.com/Images/Line1.jpg]
[stattrek.com/regression/regression-example.html]
[stattrek.com/statistics/dictionarycc69.html]
[stattrek.com/statistics/dictionary4034.html]
[stattrek.com/statistics/dictionary12ac.html]
[stattrek.com/statistics/dictionarye657.html]
[stattrek.com/statistics/dictionarya51f.html]
[stattrek.com/statistics/dictionary5109.html]
[stattrek.com/statistics/dictionary06d1.html]
[stattrek.com/statistics/two-way-table1602.html]
[stattrek.com/statistics/dictionary2abe.html]
[stattrek.com/statistics/one-way-table.html]
[stattrek.com/statistics/dictionary9335.html]
[stattrek.com/statistics/dictionaryec31.html]
[stattrek.com/statistics/dictionary4160.html]
[stattrek.com/statistics/dictionary29fa.html]
[stattrek.com/statistics/data-collection-methods.html]
[stattrek.com/statistics/dictionary82c2.html]
[stattrek.com/survey-research/stratified-sampling-analysis.html]
[stattrek.com/statistics/dictionaryb6a5.html]
[stattrek.com/statistics/dictionaryf5d4.html]
[stattrek.com/statistics/dictionary9351.html]
[stattrek.com/statistics/dictionary3891.html]
[stattrek.com/survey-research/survey-bias.html]
[stattrek.com/statistics/dictionary1f7c.html]
[stattrek.com/statistics/dictionary94e6.html]
[stattrek.com/statistics/dictionaryc1de.html]
[stattrek.com/statistics/dictionary799f.html]
[stattrek.com/statistics/dictionaryc22e.html]
[stattrek.com/statistics/dictionary59a7.html]
[stattrek.com/statistics/dictionarya956.html]
[stattrek.com/experiments/what-is-an-experiment.html]
[stattrek.com/statistics/dictionary12e5.html]
[stattrek.com/statistics/dictionaryd7ba.html]
[stattrek.com/statistics/dictionary77f9.html]
[stattrek.com/statistics/dictionary916f.html]
[stattrek.com/statistics/dictionary9dfc.html]
[stattrek.com/statistics/dictionary6c70.html]
[stattrek.com/statistics/dictionarybe6e.html]
[stattrek.com/statistics/dictionary6917.html]
[stattrek.com/statistics/dictionaryfaf4.html]
[stattrek.com/statistics/dictionarybedc.html]
[stattrek.com/statistics/dictionaryc529.html]
[stattrek.com/statistics/dictionary714a.html]
[stattrek.com/experiments/experimental-design.html]
[stattrek.com/statistics/dictionary5e8b.html]
[stattrek.com/statistics/dictionary3739.html]
[stattrek.com/statistics/dictionary8261.html]
[stattrek.com/statistics/dictionary3462.html]
[stattrek.com/statistics/dictionarydbd4.html]
[stattrek.com/statistics/dictionaryd230.html]
[stattrek.com/statistics/dictionary8562.html]
[stattrek.com/statistics/dictionary06f9.html]
[stattrek.com/statistics/dictionary9a8f.html]
[stattrek.com/probability/probability-distribution.html]
[stattrek.com/statistics/dictionaryde4c.html]
[stattrek.com/statistics/dictionaryeee7.html]
[stattrek.com/statistics/dictionary38cd.html]
[stattrek.com/statistics/dictionary8c13.html]
[stattrek.com/statistics/dictionarycfc4.html]
[stattrek.com/statistics/dictionary1abd.html]
[stattrek.com/statistics/dictionary0689.html]
[stattrek.com/statistics/dictionaryef85.html]
[stattrek.com/statistics/dictionaryfe72.html]
[stattrek.com/statistics/dictionaryb177.html]
[stattrek.com/statistics/dictionary4785.html]
[stattrek.com/statistics/dictionaryb0c2.html]
[stattrek.com/statistics/dictionaryf63a.html]
[stattrek.com/statistics/dictionary658b.html]
[stattrek.com/statistics/dictionary995d.html]
[stattrek.com/statistics/dictionaryc2fa.html]
[stattrek.com/statistics/dictionarye5c5.html]
[stattrek.com/statistics/dictionary2ca1.html]
[stattrek.com/statistics/dictionarya099.html]
[stattrek.com/statistics/dictionary71b0.html]
[stattrek.com/statistics/dictionary3722.html]
[stattrek.com/hypothesis-test/paired-means.html]
[stattrek.com/statistics/dictionaryad12.html]
[stattrek.com/statistics/dictionary8446.html]
[stattrek.com/statistics/dictionarya544.html]
[stattrek.com/statistics/dictionarye67c.html]
[stattrek.com/statistics/dictionary4f87.html]
[stattrek.com/statistics/dictionary07d4.html]
[stattrek.com/statistics/dictionary5fb0.html]
[stattrek.com/statistics/dictionary8f5f.html]
[stattrek.com/statistics/dictionaryb7fe.html]
[stattrek.com/statistics/dictionary3a6d.html]
[stattrek.com/statistics/dictionary5250.html]
[stattrek.com/statistics/dictionary2e69.html]
[stattrek.com/statistics/dictionarycbdc.html]
[stattrek.com/statistics/dictionaryad8b.html]
[stattrek.com/statistics/dictionary7ea7.html]
[stattrek.com/statistics/dictionary127f.html]
[stattrek.com/statistics/two-way-table.html]
[stattrek.com/statistics/dictionarya059.html]
[stattrek.com/statistics/dictionary7434.html]
[stattrek.com/statistics/two-way-table8306.html]
[stattrek.com/statistics/dictionarycc3a.html]
[stattrek.com/statistics/dictionary88f5.html]
[stattrek.com/statistics/dictionary72b0.html]
[stattrek.com/statistics/dictionary92b8.html]
[stattrek.com/statistics/dictionary2ec1.html]
[stattrek.com/statistics/dictionaryc223.html]
[stattrek.com/statistics/dictionary4424.html]
[stattrek.com/statistics/dictionary7817.html]
[stattrek.com/statistics/dictionary7443.html]
[stattrek.com/statistics/dictionaryb96c.html]
[stattrek.com/statistics/dictionary62f0.html]
[stattrek.com/statistics/dictionaryd308.html]
[stattrek.com/statistics/dictionary378d.html]
[stattrek.com/statistics/dictionary7d2e.html]
[stattrek.com/statistics/dictionaryf367.html]
[stattrek.com/statistics/dictionary2181.html]
[stattrek.com/hypothesis-test/power-of-test.html]
[stattrek.com/hypothesis-test/statistical-power.html]
[stattrek.com/statistics/dictionaryd26e.html]
[stattrek.com/statistics/dictionaryac00.html]
[stattrek.com/statistics/dictionary8e28.html]
[stattrek.com/statistics/dictionary983e.html]
[stattrek.com/statistics/dictionaryb3d3.html]
[stattrek.com/statistics/dictionaryad25.html]
[stattrek.com/statistics/dictionary030d.html]
[stattrek.com/statistics/dictionaryd139.html]
[stattrek.com/statistics/dictionary5432.html]
[stattrek.com/statistics/dictionaryef71.html]
[stattrek.com/statistics/dictionary56d8.html]
[stattrek.com/statistics/dictionary234d.html]
[stattrek.com/statistics/dictionary71e0.html]
[stattrek.com/statistics/dictionary95f5.html]
[stattrek.com/statistics/dictionary1c95.html]
[stattrek.com/statistics/dictionarydeaa.html]
[stattrek.com/statistics/dictionary7c9e.html]
[stattrek.com/statistics/dictionaryff67.html]
[stattrek.com/sample-size/simple-random-sample.html]
[stattrek.com/statistics/dictionary763c.html]
[stattrek.com/statistics/dictionarye9c0.html]
[stattrek.com/statistics/dictionaryc95e.html]
[stattrek.com/statistics/dictionary9625.html]
[stattrek.com/statistics/dictionary0896.html]
[stattrek.com/statistics/dictionary2a91.html]
[stattrek.com/statistics/dictionary8efe.html]
[stattrek.com/statistics/dictionary00b4.html]
[stattrek.com/statistics/dictionaryded8.html]
[stattrek.com/statistics/dictionary12d4.html]
[stattrek.com/statistics/dictionary36d0.html]
[stattrek.com/statistics/dictionaryfe2c.html]
[stattrek.com/statistics/dictionaryb7fd.html]
[stattrek.com/statistics/dictionary52d1.html]
[stattrek.com/statistics/dictionaryba5e.html]
[stattrek.com/statistics/dictionary8c80.html]
[stattrek.com/statistics/dictionary5e88.html]
[stattrek.com/statistics/dictionaryb31f.html]
[stattrek.com/statistics/dictionary5500.html]
[stattrek.com/statistics/dictionaryebce.html]
[stattrek.com/statistics/dictionaryb772.html]
[stattrek.com/statistics/dictionary1633.html]
[stattrek.com/statistics/dictionary4c6d.html]
[stattrek.com/statistics/dictionary9a0d.html]
[stattrek.com/statistics/dictionary430d.html]
[stattrek.com/statistics/dictionaryc3b5.html]
[stattrek.com/statistics/dictionary767c.html]
[stattrek.com/statistics/dictionary3de8.html]
[stattrek.com/statistics/dictionaryd254.html]
[stattrek.com/statistics/dictionary0bb0.html]
[stattrek.com/statistics/dictionary3405.html]
[stattrek.com/statistics/dictionary2fff.html]
[stattrek.com/statistics/dictionary572c.html]
[stattrek.com/statistics/dictionary9ed9.html]
[stattrek.com/statistics/dictionaryb0d2.html]
[stattrek.com/statistics/dictionary0810.html]
[stattrek.com/statistics/dictionary4359.html]
[stattrek.com/statistics/dictionary065d.html]
[stattrek.com/statistics/dictionaryf45c.html]
[stattrek.com/statistics/dictionary42b5.html]
[stattrek.com/statistics/dictionary3288.html]
[stattrek.com/statistics/dictionary40d7.html]
[stattrek.com/statistics/dictionaryfe35.html]
[stattrek.com/statistics/dictionarycea1.html]
[stattrek.com/statistics/dictionary4381.html]
[stattrek.com/statistics/dictionarye41a.html]
[stattrek.com/statistics/dictionaryad43.html]
[stattrek.com/statistics/dictionary0c4b.html]
[stattrek.com/statistics/dictionary741c.html]
[stattrek.com/statistics/dictionary8835.html]
[stattrek.com/survey-research/cluster-sampling-analysis.html]
[stattrek.com/statistics/dictionarycfd7.html]
[stattrek.com/statistics/dictionary17fe.html]
[stattrek.com/statistics/dictionarye12f.html]
[stattrek.com/statistics/dictionary08ee.html]
[stattrek.com/statistics/dictionary1442.html]
[stattrek.com/statistics/dictionary6568.html]
