[colah.github.io/index.html]
[backblue.gif]
[fade.gif]
[index.html]
[colah.github.io/fonts/Serif/cmun-serif.css]
[colah.github.io/fonts/Serif-Slanted/cmun-serif-slanted.css]
[colah.github.io/bootstrap/css/bootstrap.min.css]
[colah.github.io/css/sticky-footer-navbar.css]
[colah.github.io/css/default.css]
[colah.github.io/css/index.css]
[colah.github.io/css/inlineDisqussions.css]
[colah.github.io/highlight/styles/github.css]
[colah.github.io/favicon.ico]
[colah.github.io/linkid.js]
[colah.github.io/about.html]
[colah.github.io/contact.html]
[colah.github.io/images/post-covers/feature-visualization.png]
[colah.github.io/images/post-covers/research-debt.png]
[colah.github.io/images/post-covers/topology.png]
[colah.github.io/posts/2014-03-NN-Manifolds-Topology/index.html]
[colah.github.io/posts/2014-07-NLP-RNNs-Representations/img/Mikolov-GenderVecs.png]
[colah.github.io/images/post-covers/backprop.png]
[colah.github.io/images/post-covers/nn_fp.png]
[colah.github.io/images/post-covers/lstm.png]
[colah.github.io/images/post-covers/attention.png]
[colah.github.io/posts/2014-07-Conv-Nets-Modular/img/fig.png]
[colah.github.io/posts/2014-07-NLP-RNNs-Representations/index.html]
[colah.github.io/posts/2014-07-Understanding-Convolutions/img/fig.png]
[colah.github.io/posts/2014-12-Groups-Convolution/img/fig.png]
[colah.github.io/images/post-covers/upsample.png]
[colah.github.io/posts/2014-10-Visualizing-MNIST/img/fig.png]
[colah.github.io/posts/2015-01-Visualizing-Representations/img/fig.png]
[colah.github.io/images/post-covers/inceptionism.png]
[colah.github.io/images/post-covers/handwriting.png]
[colah.github.io/posts/2014-07-FFN-Graphs-Vis/img/graph-HP-ships-labeled.png]
[colah.github.io/images/post-covers/DataList.png]
[colah.github.io/images/post-covers/entropy.png]
[colah.github.io/images/post-covers/parvecs.png]
[colah.github.io/images/post-covers/tensorflow.png]
[colah.github.io/images/post-covers/safety.png]
[colah.github.io/images/post-covers/acgan.png]
[colah.github.io/bootstrap/js/bootstrap.min.js]
[colah.github.io/highlight/highlight.pack.js]
[colah.github.io/js/footnotes.js]
[colah.github.io/js/inlineDisqussions.js]
[colah.github.io/index.html]
[colah.github.io/posts/2015-08-Backprop/index.html]
[colah.github.io/fonts/Serif/cmunrm.eot]
[colah.github.io/posts/2015-09-NN-Types-FP/index.html]
[colah.github.io/fonts/Serif/cmunrm.woff]
[colah.github.io/fonts/Serif/cmunrmd41d.eot]
[colah.github.io/fonts/Serif/cmunrm.ttf]
[colah.github.io/fonts/Serif/cmunrm.svg]
[colah.github.io/fonts/Serif/cmunbx.eot]
[colah.github.io/fonts/Serif/cmunbx.woff]
[colah.github.io/fonts/Serif/cmunbxd41d.eot]
[colah.github.io/posts/2015-08-Understanding-LSTMs/index.html]
[colah.github.io/fonts/Serif/cmunbx.ttf]
[colah.github.io/posts/2014-07-Conv-Nets-Modular/index.html]
[colah.github.io/fonts/Serif/cmunbx.svg]
[colah.github.io/fonts/Serif/cmunti.woff]
[colah.github.io/fonts/Serif/cmunti.eot]
[colah.github.io/fonts/Serif/cmunti.ttf]
[colah.github.io/fonts/Serif/cmunti.svg]
[colah.github.io/fonts/Serif/cmunbi.woff]
[colah.github.io/fonts/Serif/cmunbi.eot]
[colah.github.io/fonts/Serif/cmunbi.ttf]
[colah.github.io/fonts/Serif/cmunbi.svg]
[colah.github.io/fonts/Serif/cmun-serif.css]
[colah.github.io/posts/2014-07-Understanding-Convolutions/index.html]
[colah.github.io/posts/2014-12-Groups-Convolution/index.html]
[colah.github.io/fonts/Serif-Slanted/cmunsl.woff]
[colah.github.io/fonts/Serif-Slanted/cmunsl.eot]
[colah.github.io/fonts/Serif-Slanted/cmunsl.ttf]
[colah.github.io/fonts/Serif-Slanted/cmunsl.svg]
[colah.github.io/fonts/Serif-Slanted/cmunbl.woff]
[colah.github.io/fonts/Serif-Slanted/cmunbl.eot]
[colah.github.io/fonts/Serif-Slanted/cmunbl.ttf]
[colah.github.io/fonts/Serif-Slanted/cmunbl.svg]
[colah.github.io/fonts/Serif-Slanted/cmun-serif-slanted.css]
[colah.github.io/posts/2014-10-Visualizing-MNIST/index.html]
[colah.github.io/bootstrap/fonts/glyphicons-halflings-regular.woff]
[colah.github.io/bootstrap/fonts/glyphicons-halflings-regular.eot]
[colah.github.io/bootstrap/fonts/glyphicons-halflings-regular.ttf]
[colah.github.io/bootstrap/fonts/glyphicons-halflings-regular.svg]
[colah.github.io/bootstrap/css/bootstrap.min.css]
[colah.github.io/posts/2015-01-Visualizing-Representations/index.html]
[colah.github.io/css/sticky-footer-navbar.css]
[colah.github.io/posts/2014-07-FFN-Graphs-Vis/index.html]
[colah.github.io/images/quoteblock.png]
[colah.github.io/css/default.css]
[colah.github.io/posts/2015-02-DataList-Illustrated/index.html]
[colah.github.io/posts/2015-09-Visual-Information/index.html]
[colah.github.io/images/grass.jpg]
[colah.github.io/css/index.css]
[colah.github.io/fonts/Serif/cmuntid41d.eot]
[colah.github.io/css/inlineDisqussions.css]
[colah.github.io/fonts/Serif/cmunbid41d.eot]
[colah.github.io/highlight/styles/github.css]
[colah.github.io/bootstrap/fonts/glyphicons-halflings-regulard41d.eot]
[colah.github.io/linkid.html]
[colah.github.io/css/bootstrap-carousel.css]
[colah.github.io/images/portrait-min.jpg]
[colah.github.io/fonts/Serif-Slanted/cmunsld41d.eot]
[colah.github.io/cv.pdf]
[colah.github.io/fonts/Serif-Slanted/cmunbld41d.eot]
[colah.github.io/js/bootstrap-carousel.js]
[colah.github.io/js/toc.js]
[colah.github.io/about.html]
[colah.github.io/rss.xml]
[colah.github.io/contact.html]
[colah.github.io/comments/inlineDisqussions.css]
[colah.github.io/posts/2014-03-NN-Manifolds-Topology/linkid.4e.delayed]
[colah.github.io/posts/2014-03-NN-Manifolds-Topology/img/simple2_data.png]
[colah.github.io/posts/2014-03-NN-Manifolds-Topology/img/simple2_linear.png]
[colah.github.io/posts/2014-03-NN-Manifolds-Topology/img/example_network.svg]
[colah.github.io/posts/2014-03-NN-Manifolds-Topology/img/simple2_0.png]
[colah.github.io/posts/2014-03-NN-Manifolds-Topology/img/simple2_1.png]
[colah.github.io/posts/2014-03-NN-Manifolds-Topology/img/1layer.gif]
[colah.github.io/posts/2014-03-NN-Manifolds-Topology/img/spiral.1-2.2-2-2-2-2-2.gif]
[colah.github.io/posts/2014-03-NN-Manifolds-Topology/img/spiral.2.2-2-2-2-2-2-2.gif]
[colah.github.io/posts/2014-03-NN-Manifolds-Topology/img/topology_base.png]
[colah.github.io/posts/2014-03-NN-Manifolds-Topology/img/topology_2D-2D_train.gif]
[colah.github.io/posts/2014-03-NN-Manifolds-Topology/img/topology_3d.png]
[colah.github.io/posts/2014-03-NN-Manifolds-Topology/img/topology_1d.png]
[colah.github.io/posts/2014-03-NN-Manifolds-Topology/img/topology_1D-2D_train.gif]
[colah.github.io/posts/2014-03-NN-Manifolds-Topology/img/link.png]
[colah.github.io/posts/2014-03-NN-Manifolds-Topology/img/unlink-2spiral.png]
[colah.github.io/posts/2014-03-NN-Manifolds-Topology/img/tangle.png]
[colah.github.io/posts/2014-03-NN-Manifolds-Topology/img/grid_vec.png]
[colah.github.io/posts/2014-03-NN-Manifolds-Topology/img/grid_bubble.png]
[colah.github.io/posts/2014-03-NN-Manifolds-Topology/knn.61.delayed]
[colah.github.io/comments/inlineDisqussions.js]
[colah.github.io/js/disqus.js]
[colah.github.io/posts/2014-03-NN-Manifolds-Topology/index.html]
[colah.github.io/posts/2014-07-NLP-RNNs-Representations/linkid.js]
[colah.github.io/posts/tags/neural_networks.html]
[colah.github.io/posts/tags/deep_learning.html]
[colah.github.io/posts/tags/representations.html]
[colah.github.io/posts/tags/NLP.html]
[colah.github.io/posts/tags/recursive_neural_networks.html]
[colah.github.io/posts/2014-07-NLP-RNNs-Representations/img/flowchart-PerceptronLookup.png]
[colah.github.io/posts/2014-07-NLP-RNNs-Representations/img/Bottou-WordSetup.png]
[colah.github.io/posts/2014-07-NLP-RNNs-Representations/img/Turian-WordTSNE.png]
[colah.github.io/posts/2014-07-NLP-RNNs-Representations/img/Colbert-WordTable2.png]
[colah.github.io/posts/2014-07-NLP-RNNs-Representations/img/Mikolov-AnalogyTable.png]
[colah.github.io/posts/2014-07-NLP-RNNs-Representations/img/flowchart-TranfserLearning2.png]
[colah.github.io/posts/2014-07-NLP-RNNs-Representations/img/flowchart-bilingual.png]
[colah.github.io/posts/2014-07-NLP-RNNs-Representations/img/Socher-BillingualTSNE.png]
[colah.github.io/posts/2014-07-NLP-RNNs-Representations/img/flowchart-DeViSE.png]
[colah.github.io/posts/2014-07-NLP-RNNs-Representations/img/Socher-ImageClassManifold.png]
[colah.github.io/posts/2014-07-NLP-RNNs-Representations/img/Socher-ImageClass-tSNE.png]
[colah.github.io/posts/2014-07-NLP-RNNs-Representations/img/Bottou-Afold.png]
[colah.github.io/posts/2014-07-NLP-RNNs-Representations/img/Bottou-Atree.png]
[colah.github.io/posts/2014-07-NLP-RNNs-Representations/img/Socher-SentimentTree.png]
[colah.github.io/posts/2014-07-NLP-RNNs-Representations/img/Bottou-unfold.png]
[colah.github.io/posts/2014-07-NLP-RNNs-Representations/img/Cho-TimePhrase-TSNE.png]
[colah.github.io/posts/2014-07-NLP-RNNs-Representations/index.html]
[colah.github.io/posts/2015-08-Backprop/linkid.7a.delayed]
[colah.github.io/archive.html]
[colah.github.io/posts/2015-08-Backprop/img/tree-def.png]
[colah.github.io/posts/2015-08-Backprop/img/tree-eval.png]
[colah.github.io/posts/2015-08-Backprop/img/tree-eval-derivs.png]
[colah.github.io/posts/2015-08-Backprop/img/chain-def-greek.png]
[colah.github.io/posts/2015-08-Backprop/img/chain-forward-greek.png]
[colah.github.io/posts/2015-08-Backprop/img/chain-backward-greek.png]
[colah.github.io/posts/2015-08-Backprop/img/tree-forwradmode.png]
[colah.github.io/posts/2015-08-Backprop/img/tree-backprop.png]
[colah.github.io/posts/2015-08-Backprop/index.html]
[colah.github.io/posts/2015-09-NN-Types-FP/linkid.84.delayed]
[colah.github.io/posts/2015-09-NN-Types-FP/img/netvis.png]
[colah.github.io/posts/2015-09-NN-Types-FP/img/types-compose.png]
[colah.github.io/posts/2015-09-NN-Types-FP/img/types-branchmerge.png]
[colah.github.io/posts/2015-09-NN-Types-FP/img/RNN-encoding.png]
[colah.github.io/posts/2015-09-NN-Types-FP/img/RNN-generating.png]
[colah.github.io/posts/2015-09-NN-Types-FP/img/RNN-general.png]
[colah.github.io/posts/2015-09-NN-Types-FP/img/RNN-bidirectional.png]
[colah.github.io/posts/2015-09-NN-Types-FP/img/Conv1.png]
[colah.github.io/posts/2015-09-NN-Types-FP/img/Conv2.png]
[colah.github.io/posts/2015-09-NN-Types-FP/img/TreeNet.png]
[colah.github.io/posts/2015-09-NN-Types-FP/img/Translation2-Backwards.png]
[colah.github.io/posts/2015-09-NN-Types-FP/index.html]
[colah.github.io/posts/2015-09-NN-Types-FP/img/image-caption.png]
[colah.github.io/posts/2015-08-Understanding-LSTMs/linkid.js]
[colah.github.io/posts/2015-08-Understanding-LSTMs/img/RNN-rolled.png]
[colah.github.io/posts/2015-08-Understanding-LSTMs/img/RNN-unrolled.png]
[colah.github.io/posts/2015-08-Understanding-LSTMs/img/RNN-shorttermdepdencies.png]
[colah.github.io/posts/2015-08-Understanding-LSTMs/img/RNN-longtermdependencies.png]
[colah.github.io/posts/2015-08-Understanding-LSTMs/img/LSTM3-SimpleRNN.png]
[colah.github.io/posts/2015-08-Understanding-LSTMs/img/LSTM3-chain.png]
[colah.github.io/posts/2015-08-Understanding-LSTMs/img/LSTM2-notation.png]
[colah.github.io/posts/2015-08-Understanding-LSTMs/img/LSTM3-C-line.png]
[colah.github.io/posts/2015-08-Understanding-LSTMs/img/LSTM3-gate.png]
[colah.github.io/posts/2015-08-Understanding-LSTMs/img/LSTM3-focus-f.png]
[colah.github.io/posts/2015-08-Understanding-LSTMs/img/LSTM3-focus-i.png]
[colah.github.io/posts/2015-08-Understanding-LSTMs/img/LSTM3-focus-C.png]
[colah.github.io/posts/2015-08-Understanding-LSTMs/img/LSTM3-focus-o.png]
[colah.github.io/posts/2015-08-Understanding-LSTMs/img/LSTM3-var-peepholes.png]
[colah.github.io/posts/2015-08-Understanding-LSTMs/img/LSTM3-var-tied.png]
[colah.github.io/posts/2015-08-Understanding-LSTMs/img/LSTM3-var-GRU.png]
[colah.github.io/posts/2015-08-Understanding-LSTMs/index.html]
[colah.github.io/posts/2014-07-Conv-Nets-Modular/linkid.a2.delayed]
[colah.github.io/posts/tags/convolutional_neural_networks.html]
[colah.github.io/posts/tags/modular_neural_networks.html]
[colah.github.io/posts/2014-07-Conv-Nets-Modular/img/Conv2-9x5-Conv2Conv2.png]
[colah.github.io/posts/2014-07-Conv-Nets-Modular/img/Conv-9-xs.png]
[colah.github.io/posts/2014-07-Conv-Nets-Modular/img/Conv-9-F.png]
[colah.github.io/posts/2014-07-Conv-Nets-Modular/img/Conv-9-Conv2.png]
[colah.github.io/posts/2014-07-Conv-Nets-Modular/img/Conv-9-Conv3.png]
[colah.github.io/posts/2014-07-Conv-Nets-Modular/img/Conv-9-Conv2Conv2.png]
[colah.github.io/posts/2014-07-Conv-Nets-Modular/img/Conv-9-Conv2Max2Conv2.png]
[colah.github.io/posts/2014-07-Conv-Nets-Modular/img/Conv2-unit.png]
[colah.github.io/posts/2014-07-Conv-Nets-Modular/img/Conv2-9x5-Conv2.png]
[colah.github.io/posts/2014-07-Conv-Nets-Modular/img/Conv2-9x5-Conv2Max2Conv2.png]
[colah.github.io/posts/2014-07-Conv-Nets-Modular/img/Conv-A.png]
[colah.github.io/posts/2014-07-Conv-Nets-Modular/img/Conv-A-NIN.png]
[colah.github.io/posts/2014-07-Conv-Nets-Modular/img/KSH-arch.png]
[colah.github.io/posts/2014-07-Conv-Nets-Modular/img/KSH-results.png]
[colah.github.io/posts/2014-07-Conv-Nets-Modular/img/KSH-filters.png]
[colah.github.io/posts/2014-07-Conv-Nets-Modular/img/Conv-9-Conv2-XY.png]
[colah.github.io/posts/2014-07-Conv-Nets-Modular/img/Conv2-5x5-Conv2-XY.png]
[colah.github.io/posts/2014-07-Conv-Nets-Modular/index.html]
[colah.github.io/posts/2014-07-Understanding-Convolutions/linkid.b6.delayed]
[colah.github.io/posts/tags/convolution.html]
[colah.github.io/posts/tags/math.html]
[colah.github.io/posts/tags/probability.html]
[colah.github.io/posts/2014-07-Understanding-Convolutions/img/ProbConv-fagb.png]
[colah.github.io/posts/2014-07-Understanding-Convolutions/img/ProbConv-split-21.png]
[colah.github.io/posts/2014-07-Understanding-Convolutions/img/ProbConv-splits-12-03.png]
[colah.github.io/posts/2014-07-Understanding-Convolutions/img/ProbConv-OnePath.png]
[colah.github.io/posts/2014-07-Understanding-Convolutions/img/ProbConv-SumPaths.png]
[colah.github.io/posts/2014-07-Understanding-Convolutions/img/ProbConv-Reverse.png]
[colah.github.io/posts/2014-07-Understanding-Convolutions/img/ProbConv-BackProb.png]
[colah.github.io/posts/2014-07-Understanding-Convolutions/img/ProbConv-Intermediate.png]
[colah.github.io/posts/2014-07-Understanding-Convolutions/img/ProbConv-Intermediate-Align.png]
[colah.github.io/posts/2014-07-Understanding-Convolutions/img/ProbConv-Intermediate-Sep.png]
[colah.github.io/posts/2014-07-Understanding-Convolutions/img/Wiki-BoxConvAnim.gif]
[colah.github.io/posts/2014-07-Understanding-Convolutions/img/ProbConv-TwoDim.png]
[colah.github.io/posts/2014-07-Understanding-Convolutions/img/RiverTrain-ImageConvDiagram.png]
[colah.github.io/posts/2014-07-Understanding-Convolutions/img/Gimp-Blur.png]
[colah.github.io/posts/2014-07-Understanding-Convolutions/img/Gimp-Edge.png]
[colah.github.io/posts/2014-07-Understanding-Convolutions/img/Conv-9-Conv2-XY.png]
[colah.github.io/posts/2014-07-Understanding-Convolutions/img/Conv-9-Conv2-XY-W.png]
[colah.github.io/posts/2014-07-Understanding-Convolutions/img/Conv2-5x5-Conv2-XY.png]
[colah.github.io/posts/2014-07-Understanding-Convolutions/index.html]
[colah.github.io/posts/2014-12-Groups-Convolution/linkid.js]
[colah.github.io/posts/tags/group_theory.html]
[colah.github.io/posts/2014-12-Groups-Convolution/img/sqF-cayley.png]
[colah.github.io/posts/2014-12-Groups-Convolution/img/sqF-cayley-factor.png]
[colah.github.io/posts/2014-12-Groups-Convolution/img/sqF-cayley-symb.png]
[colah.github.io/posts/2014-12-Groups-Convolution/img/sqF-cayley-alt.png]
[colah.github.io/posts/2014-12-Groups-Convolution/img/sqF-add.png]
[colah.github.io/posts/2014-12-Groups-Convolution/img/card-cayley.png]
[colah.github.io/posts/2014-12-Groups-Convolution/img/card-shuffle1.png]
[colah.github.io/posts/2014-12-Groups-Convolution/img/card-shuffle2.png]
[colah.github.io/posts/2014-12-Groups-Convolution/img/FallingBall.png]
[colah.github.io/posts/2014-12-Groups-Convolution/img/cayley-prob.png]
[colah.github.io/posts/2014-12-Groups-Convolution/img/card-conv1.png]
[colah.github.io/posts/2014-12-Groups-Convolution/img/card-conv-steps.png]
[colah.github.io/posts/2014-12-Groups-Convolution/img/card-conv2.png]
[colah.github.io/posts/2014-12-Groups-Convolution/index.html]
[colah.github.io/posts/2014-10-Visualizing-MNIST/linkid.db.delayed]
[colah.github.io/posts/tags/MNIST.html]
[colah.github.io/posts/tags/data_visualization.html]
[colah.github.io/posts/tags/machine_learning.html]
[colah.github.io/posts/tags/word_embeddings.html]
[colah.github.io/posts/2014-10-Visualizing-MNIST/js/foreign/d3.v3.min.js]
[colah.github.io/posts/2014-10-Visualizing-MNIST/js/foreign/jquery-1.7.0.min.js]
[colah.github.io/posts/2014-10-Visualizing-MNIST/js/foreign/TrackballControls.js]
[colah.github.io/posts/2014-10-Visualizing-MNIST/js/BasicVis.js]
[colah.github.io/posts/2014-10-Visualizing-MNIST/js/MnistVis.js]
[colah.github.io/posts/2014-10-Visualizing-MNIST/js/data/mnist_pca.js]
[colah.github.io/posts/2014-10-Visualizing-MNIST/js/foreign/jquery-ui.min.js]
[colah.github.io/posts/2014-10-Visualizing-MNIST/img/mnist_pca/MNIST-p1815-1.png]
[colah.github.io/posts/2014-10-Visualizing-MNIST/js/data/MNIST-SNE-good.js]
[colah.github.io/posts/2014-10-Visualizing-MNIST/img/mnist_pca/MNIST-p1815-2.png]
[colah.github.io/posts/2014-10-Visualizing-MNIST/js/three.min.js]
[colah.github.io/posts/2014-10-Visualizing-MNIST/img/mnist_pca/MNIST-p1815-3.png]
[colah.github.io/posts/2014-10-Visualizing-MNIST/img/mnist_pca/MNIST-p1815-4.png]
[colah.github.io/posts/2014-10-Visualizing-MNIST/img/mnist_pca/MNIST-PCA1-1.png]
[colah.github.io/posts/2014-10-Visualizing-MNIST/img/mnist_pca/MNIST-PCA1.png]
[colah.github.io/posts/2014-10-Visualizing-MNIST/img/mnist_pca/MNIST-PCA2.png]
[colah.github.io/posts/2014-10-Visualizing-MNIST/img/mnist_pca/MNIST-PCA1-2.png]
[colah.github.io/posts/2014-10-Visualizing-MNIST/img/mnist_pca/MNIST-PCA1-3.png]
[colah.github.io/posts/2014-10-Visualizing-MNIST/img/mnist_pca/MNIST-PCA1-4.png]
[colah.github.io/posts/2014-10-Visualizing-MNIST/js/CostLayout-worker.js]
[colah.github.io/posts/2014-10-Visualizing-MNIST/img/tsne-localmin-1.png]
[colah.github.io/posts/2014-10-Visualizing-MNIST/index.html]
[colah.github.io/posts/2014-10-Visualizing-MNIST/js/CostLayout-worker-3D.js]
[colah.github.io/posts/2015-01-Visualizing-Representations/linkid.js]
[colah.github.io/posts/tags/user_interface.html]
[colah.github.io/posts/tags/wikipedia.html]
[colah.github.io/posts/2015-01-Visualizing-Representations/js/data/MNIST-SNE-good.js]
[colah.github.io/posts/2015-01-Visualizing-Representations/js/foreign/d3.v3.min.js]
[colah.github.io/posts/2015-01-Visualizing-Representations/js/foreign/jquery-1.7.0.min.js]
[colah.github.io/posts/2015-01-Visualizing-Representations/js/foreign/jquery-ui.min.js]
[colah.github.io/posts/2015-01-Visualizing-Representations/js/BasicVis.js]
[colah.github.io/posts/2015-01-Visualizing-Representations/js/MnistVis.js]
[colah.github.io/posts/2015-01-Visualizing-Representations/js/NetVis.js]
[colah.github.io/posts/2014-10-Visualizing-MNIST/js/data/MNIST.js]
[colah.github.io/posts/2015-01-Visualizing-Representations/js/data/WordEmbed-10000.js]
[colah.github.io/posts/2015-01-Visualizing-Representations/js/data/MNIST.js]
[colah.github.io/posts/2015-01-Visualizing-Representations/img/simple2_data.png]
[colah.github.io/posts/2015-01-Visualizing-Representations/img/netvis-simple-NoHid.png]
[colah.github.io/posts/2015-01-Visualizing-Representations/js/data/TranslationEnglishEmbed-N1.js]
[colah.github.io/posts/2015-01-Visualizing-Representations/img/netvis-simple-2S.png]
[colah.github.io/posts/2015-01-Visualizing-Representations/img/netvis-mnist-100S.png]
[colah.github.io/posts/2015-01-Visualizing-Representations/img/words-pic.png]
[colah.github.io/posts/2015-01-Visualizing-Representations/big_vis/words.html]
[colah.github.io/posts/2015-01-Visualizing-Representations/img/wiki-pics-both.png]
[colah.github.io/posts/2015-01-Visualizing-Representations/big_vis/wiki.html]
[colah.github.io/posts/2015-01-Visualizing-Representations/img/Translation2-RepArrow.png]
[colah.github.io/posts/2015-01-Visualizing-Representations/img/MNIST-tSNE-DigitsInImage.png]
[colah.github.io/posts/2015-01-Visualizing-Representations/js/data/WikiEmbed-sub5.js]
[colah.github.io/posts/2015-01-Visualizing-Representations/img/Cho-TimePhrase-TSNE.png]
[colah.github.io/posts/2015-01-Visualizing-Representations/img/netvis-mnist-5S-PCA.png]
[colah.github.io/posts/2015-01-Visualizing-Representations/img/netvis-mnist-5R-PCA.png]
[colah.github.io/posts/2015-01-Visualizing-Representations/img/MNIST-PCA-Conv1.png]
[colah.github.io/posts/2015-01-Visualizing-Representations/img/MNIST-PCA-Conv2.png]
[colah.github.io/posts/2015-01-Visualizing-Representations/img/wiki-pic-major.png]
[colah.github.io/posts/2015-01-Visualizing-Representations/img/WordGender.png]
[colah.github.io/posts/2015-01-Visualizing-Representations/img/Translation2-Backwards.png]
[colah.github.io/posts/2015-01-Visualizing-Representations/index.html]
[colah.github.io/posts/2014-07-FFN-Graphs-Vis/linkid.js]
[colah.github.io/posts/tags/fanfiction.html]
[colah.github.io/posts/tags/graphs.html]
[colah.github.io/posts/tags/visualization.html]
[colah.github.io/posts/2014-07-FFN-Graphs-Vis/pagerank/hp.html]
[colah.github.io/posts/2014-07-FFN-Graphs-Vis/pagerank/naruto.html]
[colah.github.io/posts/2014-07-FFN-Graphs-Vis/pagerank/twi.html]
[colah.github.io/posts/2014-07-FFN-Graphs-Vis/recs/hp.html]
[colah.github.io/posts/2014-07-FFN-Graphs-Vis/recs/nar.html]
[colah.github.io/posts/2014-07-FFN-Graphs-Vis/recs/twi.html]
[colah.github.io/posts/2014-07-FFN-Graphs-Vis/img/explanation.png]
[colah.github.io/posts/2014-07-FFN-Graphs-Vis/img/example-graph.svg]
[colah.github.io/posts/2014-07-FFN-Graphs-Vis/img/HP-basic.png]
[colah.github.io/posts/2014-07-FFN-Graphs-Vis/img/HP-basic-clique.png]
[colah.github.io/posts/2014-07-FFN-Graphs-Vis/img/graph-HP-blank.png]
[colah.github.io/posts/2014-07-FFN-Graphs-Vis/img/graph-HP-lang-labeled.png]
[colah.github.io/posts/2014-07-FFN-Graphs-Vis/img/graph-HP-slash-labeled.png]
[colah.github.io/posts/2014-07-FFN-Graphs-Vis/img/graph-NAR-blank.png]
[colah.github.io/posts/2014-07-FFN-Graphs-Vis/img/graph-NAR-lang-labeled.png]
[colah.github.io/posts/2014-07-FFN-Graphs-Vis/img/graph-NAR-ships-labeled.png]
[colah.github.io/posts/2014-07-FFN-Graphs-Vis/img/graph-TWI-blank.png]
[colah.github.io/posts/2014-07-FFN-Graphs-Vis/img/graph-TWI-lang-labeled.png]
[colah.github.io/posts/2014-07-FFN-Graphs-Vis/img/graph-TWI-ships-labeled.png]
[colah.github.io/posts/2014-07-FFN-Graphs-Vis/img/HP_union_size_larger.png]
[colah.github.io/posts/2014-07-FFN-Graphs-Vis/index.html]
[colah.github.io/posts/2014-07-FFN-Graphs-Vis/graphs/HP-ship/index.html]
[colah.github.io/posts/2015-02-DataList-Illustrated/linkid.js]
[colah.github.io/posts/2014-07-FFN-Graphs-Vis/graphs/NAR-ship/index.html]
[colah.github.io/posts/tags/functional_programming.html]
[colah.github.io/posts/tags/Haskell.html]
[colah.github.io/posts/2014-07-FFN-Graphs-Vis/graphs/TWI-ship/index.html]
[colah.github.io/posts/2015-02-DataList-Illustrated/img/foldl.png]
[colah.github.io/posts/2015-02-DataList-Illustrated/img/foldr.png]
[colah.github.io/posts/2015-02-DataList-Illustrated/img/foldl1.png]
[colah.github.io/posts/2015-02-DataList-Illustrated/img/foldr1.png]
[colah.github.io/posts/2015-02-DataList-Illustrated/img/scanl.png]
[colah.github.io/posts/2015-02-DataList-Illustrated/img/scanr.png]
[colah.github.io/posts/2015-02-DataList-Illustrated/img/scanl1.png]
[colah.github.io/posts/2015-02-DataList-Illustrated/img/scanr1.png]
[colah.github.io/posts/2015-02-DataList-Illustrated/img/map.png]
[colah.github.io/posts/2015-02-DataList-Illustrated/img/mapAccumL.png]
[colah.github.io/posts/2015-02-DataList-Illustrated/img/mapAccumR.png]
[colah.github.io/posts/2015-02-DataList-Illustrated/img/unfoldr.png]
[colah.github.io/posts/2015-02-DataList-Illustrated/index.html]
[colah.github.io/posts/2015-09-Visual-Information/linkid.js]
[colah.github.io/posts/2015-09-Visual-Information/img/prob-1D-rain.png]
[colah.github.io/posts/2015-09-Visual-Information/img/prob-1D-coat.png]
[colah.github.io/posts/2015-09-Visual-Information/img/prob-2D-independent-rain.png]
[colah.github.io/posts/2015-09-Visual-Information/img/prob-2D-dependant-rain-squish.png]
[colah.github.io/posts/2015-09-Visual-Information/img/prob-2D-factored-rain-arrow.png]
[colah.github.io/posts/2015-09-Visual-Information/img/prob-2D-factored1-clothing-B.png]
[colah.github.io/posts/2015-09-Visual-Information/img/simpson-margin.png]
[colah.github.io/posts/2015-09-Visual-Information/img/simpson-participants.png]
[colah.github.io/posts/2015-09-Visual-Information/img/simpson-separated-note.png]
[colah.github.io/posts/2015-09-Visual-Information/img/message.png]
[colah.github.io/posts/2015-09-Visual-Information/img/code-2bit.png]
[colah.github.io/posts/2015-09-Visual-Information/img/encode-2bit.png]
[colah.github.io/posts/2015-09-Visual-Information/img/DogWordFreq.png]
[colah.github.io/posts/2015-09-Visual-Information/img/OldCode.png]
[colah.github.io/posts/2015-09-Visual-Information/img/code.png]
[colah.github.io/posts/2015-09-Visual-Information/img/NewCode.png]
[colah.github.io/posts/2015-09-Visual-Information/img/EntropOptimalLengthExample.png]
[colah.github.io/posts/2015-09-Visual-Information/img/CodeSpace.png]
[colah.github.io/posts/2015-09-Visual-Information/img/encode.png]
[colah.github.io/posts/2015-09-Visual-Information/img/CodeSpaceUsed.png]
[colah.github.io/posts/2015-09-Visual-Information/img/code-costonly.png]
[colah.github.io/posts/2015-09-Visual-Information/img/code-lengthcontrib.png]
[colah.github.io/posts/2015-01-Visualizing-Representations/js/data/MNIST-reps.js]
[colah.github.io/posts/2015-09-Visual-Information/img/code-cost.png]
[colah.github.io/posts/2015-09-Visual-Information/img/code-cost-longshort.png]
[colah.github.io/posts/2015-09-Visual-Information/img/code-auction-balanced-noderivs.png]
[colah.github.io/posts/2015-09-Visual-Information/img/code-derivs.png]
[colah.github.io/posts/2015-09-Visual-Information/img/code-auction-balanced.png]
[colah.github.io/posts/2015-09-Visual-Information/img/code-auction-eps.png]
[colah.github.io/posts/2015-09-Visual-Information/img/entropy-def-notitle.png]
[colah.github.io/posts/2015-09-Visual-Information/img/DogCatWordFreq.png]
[colah.github.io/posts/2015-09-Visual-Information/img/CrossEntropyDef.png]
[colah.github.io/posts/2015-09-Visual-Information/img/CrossEntropyCompare.png]
[colah.github.io/posts/2015-09-Visual-Information/img/CrossEntropyQP.png]
[colah.github.io/posts/2015-09-Visual-Information/img/CrossEntropyPQ.png]
[colah.github.io/posts/2015-09-Visual-Information/img/prob-2D-factored1-detail.png]
[colah.github.io/posts/2015-09-Visual-Information/img/prob-2D-factored1-flat.png]
[colah.github.io/posts/2015-09-Visual-Information/img/Hxy-flat.png]
[colah.github.io/posts/2015-09-Visual-Information/img/Hxy-3D.png]
[colah.github.io/posts/2015-09-Visual-Information/img/HxCy-sep.png]
[colah.github.io/posts/2015-09-Visual-Information/img/HxCy.png]
[colah.github.io/posts/2015-09-Visual-Information/img/Hxy-info-1.png]
[colah.github.io/posts/2015-09-Visual-Information/img/Hxy-overview.png]
[colah.github.io/posts/2015-09-Visual-Information/img/Hxy-info-4.png]
[colah.github.io/posts/2015-09-Visual-Information/img/Hxy-overview-sum.png]
[colah.github.io/posts/2015-09-Visual-Information/img/Hxy-info.png]
[colah.github.io/posts/2015-09-Visual-Information/img/halfbit-ab.png]
[colah.github.io/posts/2015-09-Visual-Information/img/halfbit-ab2.png]
[colah.github.io/posts/2015-09-Visual-Information/img/halfbit-ab-idealcode.png]
[colah.github.io/posts/2015-09-Visual-Information/img/halfbit-ab-code.png]
[colah.github.io/posts/2015-09-Visual-Information/index.html]
[colah.github.io/fonts/Serif/cmunrm.svg]
[colah.github.io/fonts/Serif/cmunbx.svg]
[colah.github.io/fonts/Serif/cmunti.svg]
[colah.github.io/fonts/Serif/cmunbi.svg]
[colah.github.io/fonts/Serif-Slanted/cmunsl.svg]
[colah.github.io/fonts/Serif-Slanted/cmunbl.svg]
[colah.github.io/bootstrap/fonts/glyphicons-halflings-regular.svg]
[colah.github.io/css/bootstrap-carousel.css]
[colah.github.io/comments/inlineDisqussions.css]
[colah.github.io/posts/2014-03-NN-Manifolds-Topology/linkid.html]
[colah.github.io/posts/2015-09-Visual-Information/img/mutual-visual-eq.png]
[colah.github.io/posts/2014-03-NN-Manifolds-Topology/img/20110222105313!Artificial_neural_network.svg]
[colah.github.io/posts/2014-03-NN-Manifolds-Topology/img/example_network.svg]
[colah.github.io/posts/2014-03-NN-Manifolds-Topology/knn.html]
[colah.github.io/posts/2014-07-NLP-RNNs-Representations/linkid.html]
[colah.github.io/posts/tags/linkid.js]
[colah.github.io/posts/tags/neural_networks.html]
[colah.github.io/posts/tags/deep_learning.html]
[colah.github.io/posts/tags/representations.html]
[colah.github.io/posts/tags/NLP.html]
[colah.github.io/posts/tags/recursive_neural_networks.html]
[colah.github.io/posts/2015-08-Backprop/linkid.html]
[colah.github.io/archive.html]
[colah.github.io/posts/2015-09-NN-Types-FP/linkid.html]
[colah.github.io/posts/2015-08-Understanding-LSTMs/linkid.html]
[colah.github.io/posts/2014-07-Conv-Nets-Modular/linkid.html]
[colah.github.io/posts/tags/convolutional_neural_networks.html]
[colah.github.io/posts/tags/modular_neural_networks.html]
[colah.github.io/posts/2014-07-Understanding-Convolutions/linkid.html]
[colah.github.io/posts/tags/convolution.html]
[colah.github.io/posts/tags/math.html]
[colah.github.io/posts/tags/probability.html]
[colah.github.io/posts/2014-12-Groups-Convolution/linkid.html]
[colah.github.io/posts/tags/group_theory.html]
[colah.github.io/posts/2014-10-Visualizing-MNIST/linkid.html]
[colah.github.io/posts/tags/MNIST.html]
[colah.github.io/posts/tags/data_visualization.html]
[colah.github.io/posts/tags/machine_learning.html]
[colah.github.io/posts/tags/word_embeddings.html]
[colah.github.io/posts/2015-01-Visualizing-Representations/linkid.html]
[colah.github.io/posts/tags/user_interface.html]
[colah.github.io/posts/tags/wikipedia.html]
[colah.github.io/posts/2015-01-Visualizing-Representations/big_vis/words.html]
[colah.github.io/posts/2015-01-Visualizing-Representations/big_vis/wiki.html]
[colah.github.io/posts/2014-07-FFN-Graphs-Vis/linkid.html]
[colah.github.io/posts/tags/fanfiction.html]
[colah.github.io/posts/tags/graphs.html]
[colah.github.io/posts/tags/visualization.html]
[colah.github.io/posts/2014-07-FFN-Graphs-Vis/graphs/HP-ship/linkid.js]
[colah.github.io/posts/2014-07-FFN-Graphs-Vis/graphs/HP-ship/js/jquery/jquery.min.js]
[colah.github.io/posts/2014-07-FFN-Graphs-Vis/graphs/HP-ship/js/sigma/sigma.min.js]
[colah.github.io/posts/2014-07-FFN-Graphs-Vis/graphs/HP-ship/js/sigma/sigma.parseJson.js]
[colah.github.io/posts/2014-07-FFN-Graphs-Vis/graphs/HP-ship/js/fancybox/jquery.fancybox.pack.js]
[colah.github.io/posts/2014-07-FFN-Graphs-Vis/graphs/HP-ship/js/main.js]
[colah.github.io/posts/2014-07-FFN-Graphs-Vis/graphs/HP-ship/js/fancybox/jquery.fancybox.css]
[colah.github.io/posts/2014-07-FFN-Graphs-Vis/graphs/HP-ship/css/style.css]
[colah.github.io/posts/2014-07-FFN-Graphs-Vis/graphs/HP-ship/css/tablet.css]
[colah.github.io/posts/2014-07-FFN-Graphs-Vis/graphs/HP-ship/images/CC.png]
[colah.github.io/posts/2014-07-FFN-Graphs-Vis/graphs/HP-ship/index.html]
[colah.github.io/posts/2014-07-FFN-Graphs-Vis/graphs/NAR-ship/linkid.js]
[colah.github.io/posts/2014-07-FFN-Graphs-Vis/graphs/NAR-ship/js/jquery/jquery.min.js]
[colah.github.io/posts/2014-07-FFN-Graphs-Vis/graphs/NAR-ship/js/sigma/sigma.min.js]
[colah.github.io/posts/2014-07-FFN-Graphs-Vis/graphs/NAR-ship/js/sigma/sigma.parseJson.js]
[colah.github.io/posts/2014-07-FFN-Graphs-Vis/graphs/NAR-ship/js/fancybox/jquery.fancybox.pack.js]
[colah.github.io/posts/2014-07-FFN-Graphs-Vis/graphs/NAR-ship/js/main.js]
[colah.github.io/posts/2014-07-FFN-Graphs-Vis/graphs/NAR-ship/js/fancybox/jquery.fancybox.css]
[colah.github.io/posts/2014-07-FFN-Graphs-Vis/graphs/NAR-ship/css/style.css]
[colah.github.io/posts/2014-07-FFN-Graphs-Vis/graphs/NAR-ship/css/tablet.css]
[colah.github.io/posts/2014-07-FFN-Graphs-Vis/graphs/NAR-ship/images/CC.png]
[colah.github.io/posts/2014-07-FFN-Graphs-Vis/graphs/NAR-ship/index.html]
[colah.github.io/posts/2014-07-FFN-Graphs-Vis/graphs/TWI-ship/linkid.js]
[colah.github.io/posts/2014-07-FFN-Graphs-Vis/graphs/TWI-ship/js/jquery/jquery.min.js]
[colah.github.io/posts/2014-07-FFN-Graphs-Vis/graphs/TWI-ship/js/sigma/sigma.min.js]
[colah.github.io/posts/2014-07-FFN-Graphs-Vis/graphs/TWI-ship/js/sigma/sigma.parseJson.js]
[colah.github.io/posts/2014-07-FFN-Graphs-Vis/graphs/TWI-ship/js/fancybox/jquery.fancybox.pack.js]
[colah.github.io/posts/2014-07-FFN-Graphs-Vis/graphs/TWI-ship/js/main.js]
[colah.github.io/posts/2014-07-FFN-Graphs-Vis/graphs/TWI-ship/js/fancybox/jquery.fancybox.css]
[colah.github.io/posts/2014-07-FFN-Graphs-Vis/graphs/TWI-ship/css/style.css]
[colah.github.io/posts/2014-07-FFN-Graphs-Vis/graphs/TWI-ship/css/tablet.css]
[colah.github.io/posts/2014-07-FFN-Graphs-Vis/graphs/TWI-ship/images/CC.png]
[colah.github.io/posts/2014-07-FFN-Graphs-Vis/graphs/TWI-ship/index.html]
[colah.github.io/posts/2014-07-FFN-Graphs-Vis/pagerank/linkid.js]
[colah.github.io/posts/2014-07-FFN-Graphs-Vis/pagerank/hp.html]
[colah.github.io/posts/2014-07-FFN-Graphs-Vis/pagerank/naruto.html]
[colah.github.io/posts/2014-07-FFN-Graphs-Vis/pagerank/twi.html]
[colah.github.io/posts/2014-07-FFN-Graphs-Vis/recs/linkid.js]
[colah.github.io/posts/2014-07-FFN-Graphs-Vis/recs/hp.html]
[colah.github.io/posts/2014-07-FFN-Graphs-Vis/recs/nar.html]
[colah.github.io/posts/2014-07-FFN-Graphs-Vis/recs/twi.html]
[colah.github.io/posts/2014-07-FFN-Graphs-Vis/img/example-graph.svg]
[colah.github.io/posts/2015-01-Visualizing-Representations/js/data/WordEmbed-50000.js]
[colah.github.io/posts/2015-02-DataList-Illustrated/linkid.html]
[colah.github.io/posts/tags/functional_programming.html]
[colah.github.io/posts/tags/Haskell.html]
[colah.github.io/posts/2015-09-Visual-Information/linkid.html]
[colah.github.io/posts/2014-03-NN-Manifolds-Topology/img/20110222105313!Artificial_neural_network.html]
[colah.github.io/posts/tags/linkid.html]
[colah.github.io/posts/2015-01-Visualizing-Representations/js/data/WikiEmbed-sub2.js]
[colah.github.io/posts/2014-07-FFN-Graphs-Vis/graphs/HP-ship/linkid.html]
[colah.github.io/posts/2014-07-FFN-Graphs-Vis/graphs/HP-ship/images/fancybox_sprite.png]
[colah.github.io/posts/2014-07-FFN-Graphs-Vis/graphs/HP-ship/images/fancybox_loading.gif]
[colah.github.io/posts/2014-07-FFN-Graphs-Vis/graphs/HP-ship/images/blank.gif]
[colah.github.io/posts/2014-07-FFN-Graphs-Vis/graphs/HP-ship/js/fancybox/jquery.fancybox.css]
[colah.github.io/posts/2014-07-FFN-Graphs-Vis/graphs/HP-ship/images/sprite.png]
[colah.github.io/posts/2014-07-FFN-Graphs-Vis/graphs/HP-ship/images/jisc-logo-small.png]
[colah.github.io/posts/2014-07-FFN-Graphs-Vis/graphs/HP-ship/images/oii_text.png]
[colah.github.io/posts/2014-07-FFN-Graphs-Vis/graphs/HP-ship/images/rainbow.png]
[colah.github.io/posts/2014-07-FFN-Graphs-Vis/graphs/HP-ship/images/info.png]
[colah.github.io/posts/2014-07-FFN-Graphs-Vis/graphs/HP-ship/images/zoom_reset.png]
[colah.github.io/posts/2014-07-FFN-Graphs-Vis/graphs/HP-ship/images/zoom_in.png]
[colah.github.io/posts/2014-07-FFN-Graphs-Vis/graphs/HP-ship/images/zoom_out.png]
[colah.github.io/posts/2014-07-FFN-Graphs-Vis/graphs/HP-ship/css/style.css]
[colah.github.io/posts/2014-07-FFN-Graphs-Vis/graphs/HP-ship/css/tablet.css]
[colah.github.io/posts/2014-07-FFN-Graphs-Vis/graphs/NAR-ship/linkid.html]
[colah.github.io/posts/2014-07-FFN-Graphs-Vis/graphs/NAR-ship/images/fancybox_sprite.png]
[colah.github.io/posts/2014-07-FFN-Graphs-Vis/graphs/NAR-ship/images/fancybox_loading.gif]
[colah.github.io/posts/2014-07-FFN-Graphs-Vis/graphs/NAR-ship/images/blank.gif]
[colah.github.io/posts/2014-07-FFN-Graphs-Vis/graphs/NAR-ship/js/fancybox/jquery.fancybox.css]
[colah.github.io/posts/2014-07-FFN-Graphs-Vis/graphs/NAR-ship/images/sprite.png]
[colah.github.io/posts/2014-07-FFN-Graphs-Vis/graphs/NAR-ship/images/jisc-logo-small.png]
[colah.github.io/posts/2014-07-FFN-Graphs-Vis/graphs/NAR-ship/images/oii_text.png]
[colah.github.io/posts/2014-07-FFN-Graphs-Vis/graphs/NAR-ship/images/rainbow.png]
[colah.github.io/posts/2014-07-FFN-Graphs-Vis/graphs/NAR-ship/images/info.png]
[colah.github.io/posts/2014-07-FFN-Graphs-Vis/graphs/NAR-ship/images/zoom_reset.png]
[colah.github.io/posts/2014-07-FFN-Graphs-Vis/graphs/NAR-ship/images/zoom_in.png]
[colah.github.io/posts/2014-07-FFN-Graphs-Vis/graphs/NAR-ship/images/zoom_out.png]
[colah.github.io/posts/2014-07-FFN-Graphs-Vis/graphs/NAR-ship/css/style.css]
[colah.github.io/posts/2014-07-FFN-Graphs-Vis/graphs/NAR-ship/css/tablet.css]
[colah.github.io/posts/2014-07-FFN-Graphs-Vis/graphs/TWI-ship/linkid.html]
[colah.github.io/posts/2014-07-FFN-Graphs-Vis/graphs/TWI-ship/images/fancybox_sprite.png]
[colah.github.io/posts/2014-07-FFN-Graphs-Vis/graphs/TWI-ship/images/fancybox_loading.gif]
[colah.github.io/posts/2014-07-FFN-Graphs-Vis/graphs/TWI-ship/images/blank.gif]
[colah.github.io/posts/2014-07-FFN-Graphs-Vis/graphs/TWI-ship/js/fancybox/jquery.fancybox.css]
[colah.github.io/posts/2014-07-FFN-Graphs-Vis/graphs/TWI-ship/images/sprite.png]
[colah.github.io/posts/2014-07-FFN-Graphs-Vis/graphs/TWI-ship/images/jisc-logo-small.png]
[colah.github.io/posts/2014-07-FFN-Graphs-Vis/graphs/TWI-ship/images/oii_text.png]
[colah.github.io/posts/2014-07-FFN-Graphs-Vis/graphs/TWI-ship/images/rainbow.png]
[colah.github.io/posts/2014-07-FFN-Graphs-Vis/graphs/TWI-ship/images/info.png]
[colah.github.io/posts/2014-07-FFN-Graphs-Vis/graphs/TWI-ship/images/zoom_reset.png]
[colah.github.io/posts/2014-07-FFN-Graphs-Vis/graphs/TWI-ship/images/zoom_in.png]
[colah.github.io/posts/2014-07-FFN-Graphs-Vis/graphs/TWI-ship/images/zoom_out.png]
[colah.github.io/posts/2014-07-FFN-Graphs-Vis/graphs/TWI-ship/css/style.css]
[colah.github.io/posts/2014-07-FFN-Graphs-Vis/graphs/TWI-ship/css/tablet.css]
[colah.github.io/posts/2014-07-FFN-Graphs-Vis/pagerank/linkid.html]
[colah.github.io/posts/2014-07-FFN-Graphs-Vis/recs/linkid.html]
