[distill.pub/index.html]
[backblue.gif]
[fade.gif]
[index.html]
[distill.pub/rss.xml]
[distill.pub/2017/aia/thumbnail.jpg]
[distill.pub/about/index.html]
[distill.pub/prize/index.html]
[distill.pub/journal/index.html]
[distill.pub/2017/ctc/thumbnail.jpg]
[distill.pub/2017/ctc/index.html]
[distill.pub/2017/aia/index.html]
[distill.pub/2017/feature-visualization/thumbnail.jpg]
[distill.pub/2017/feature-visualization/index.html]
[distill.pub/2017/momentum/thumbnail.jpg]
[distill.pub/2017/momentum/index.html]
[distill.pub/2017/research-debt/thumbnail.jpg]
[distill.pub/2017/research-debt/index.html]
[distill.pub/2016/handwriting/thumbnail.jpg]
[distill.pub/2016/handwriting/index.html]
[distill.pub/2016/deconv-checkerboard/thumbnail.jpg]
[distill.pub/2016/deconv-checkerboard/index.html]
[distill.pub/2016/misread-tsne/thumbnail.jpg]
[distill.pub/2016/misread-tsne/index.html]
[distill.pub/2016/augmented-rnns/thumbnail.jpg]
[distill.pub/index.html]
[distill.pub/2016/augmented-rnns/index.html]
[distill.pub/about/icons-journal.svg]
[distill.pub/about/icons-prize.svg]
[distill.pub/about/icons-tool.svg]
[distill.pub/about/pointer.svg]
[distill.pub/about/tsne.gif]
[distill.pub/about/handwriting.jpg]
[distill.pub/guide/index.html]
[distill.pub/about/playground-paper.png]
[distill.pub/about/publish-one-many-crop.jpg]
[distill.pub/about/people/shan-carter.jpg]
[distill.pub/about/people/chris-olah.jpg]
[distill.pub/about/people/yoshua-bengio.jpg]
[distill.pub/about/people/mike-bostock.jpg]
[distill.pub/about/people/amanda-cox.jpg]
[distill.pub/about/people/ian-goodfellow.jpg]
[distill.pub/about/people/andrej-karpathy.jpg]
[distill.pub/about/people/shakir-mohamed.jpg]
[distill.pub/about/people/michael-nielsen.jpg]
[distill.pub/about/people/fernanda-viégas.jpg]
[distill.pub/about/index.html]
[distill.pub/prize/index.html]
[distill.pub/journal/before.jpg]
[distill.pub/journal/after.jpg]
[distill.pub/journal/index.html]
[distill.pub/template.v2.js]
[distill.pub/third-party/katex/katex.min.css]
[distill.pub/2017/aia/videos/shoe-sketch.qt]
[distill.pub/2017/aia/videos/shoe-sketch-poster.jpg]
[distill.pub/2017/aia/videos/mountain-sketch.qt]
[distill.pub/2017/aia/videos/mountain-sketch-poster.jpg]
[distill.pub/2017/aia/images/feynmann-diagram.svg]
[distill.pub/2017/aia/images/cat-sample-input.jpg]
[distill.pub/2017/aia/images/cat-sample-output.jpg]
[distill.pub/2017/aia/images/bread-cat-input.jpg]
[distill.pub/2017/aia/images/bread-cat-output.jpg]
[distill.pub/2017/aia/images/cat-beholder-input.jpg]
[distill.pub/2017/aia/images/cat-beholder-output.jpg]
[distill.pub/2017/aia/images/spiral-cat-input.jpg]
[distill.pub/2017/aia/images/spiral-cat-output.jpg]
[distill.pub/2017/aia/images/cycle.svg]
[distill.pub/2017/aia/index.html]
[distill.pub/2017/aia/index.bundle.js]
[distill.pub/2017/ctc/assets/collapse_ctc.css]
[distill.pub/2017/ctc/assets/speech.svg]
[distill.pub/2017/ctc/index.bundle.js]
[distill.pub/2017/ctc/assets/handwriting_recognition.svg]
[distill.pub/2017/ctc/assets/speech_recognition.svg]
[distill.pub/2017/ctc/assets/naive_alignment.svg]
[distill.pub/2017/ctc/assets/ctc_alignment_steps.svg]
[distill.pub/2017/ctc/assets/valid_invalid_alignments.svg]
[distill.pub/2017/ctc/assets/full_collapse_from_audio.svg]
[distill.pub/2017/ctc/assets/all_alignments.svg]
[distill.pub/2017/ctc/assets/merged_alignments.svg]
[distill.pub/2017/ctc/assets/cost_no_skip.svg]
[distill.pub/2017/ctc/assets/cost_regular.svg]
[distill.pub/2017/ctc/assets/ctc_cost.svg]
[distill.pub/2017/ctc/assets/beam_search.svg]
[distill.pub/2017/ctc/assets/prefix_beam_search.svg]
[distill.pub/2017/ctc/assets/prefix_beam_search_single.svg]
[distill.pub/2017/ctc/assets/conditional_independence.svg]
[distill.pub/2017/ctc/assets/triple_a.svg]
[distill.pub/2017/ctc/assets/hmm.svg]
[distill.pub/2017/ctc/assets/ergodic_hmm.svg]
[distill.pub/2017/ctc/assets/linear_hmm.svg]
[distill.pub/2017/ctc/assets/ctc_hmm.svg]
[distill.pub/2017/ctc/index.html]
[distill.pub/2017/feature-visualization/images/optimize_nojitter_sprite_128.jpeg]
[distill.pub/2017/feature-visualization/images/optimize_jitter_sprite_128.jpeg]
[distill.pub/2017/feature-visualization/images/steepest_dir_spritemap_14.jpg]
[distill.pub/2017/feature-visualization/images/interpolation.jpg]
[distill.pub/2017/feature-visualization/images/objectives/neuron.png]
[distill.pub/2017/feature-visualization/appendix/index.html]
[distill.pub/2017/feature-visualization/images/objectives/channel.png]
[distill.pub/2017/feature-visualization/images/attribution-1.png]
[distill.pub/2017/feature-visualization/images/attribution-2.jpg]
[distill.pub/2017/feature-visualization/images/objectives/layer.png]
[distill.pub/2017/feature-visualization/images/objectives/logits.png]
[distill.pub/2017/feature-visualization/images/objectives/logits_post.png]
[distill.pub/2017/feature-visualization/images/diversity/mixed4a_97_optimized.png]
[distill.pub/2017/feature-visualization/images/diversity/mixed4a_97_diversity.png]
[distill.pub/2017/feature-visualization/images/diversity/mixed4a_97_examples.jpg]
[distill.pub/2017/feature-visualization/images/diversity/mixed4a_143_optimized.png]
[distill.pub/2017/feature-visualization/images/diversity/mixed4a_143_diversity.png]
[distill.pub/2017/feature-visualization/images/diversity/mixed4a_143_examples.jpg]
[distill.pub/2017/feature-visualization/images/diversity/mixed5a_9_optimized.png]
[distill.pub/2017/feature-visualization/images/diversity/mixed5a_9_diversity.png]
[distill.pub/2017/feature-visualization/images/diversity/mixed5a_9_examples.jpg]
[distill.pub/2017/feature-visualization/images/diversity/mixed4e_55_optimized.png]
[distill.pub/2017/feature-visualization/images/diversity/mixed4e_55_diversity.png]
[distill.pub/2017/feature-visualization/images/diversity/mixed4e_55_examples.jpg]
[distill.pub/2017/feature-visualization/images/prior_vis_icons/Erhan2009.png]
[distill.pub/2017/feature-visualization/images/prior_vis_icons/Szegedy2013.png]
[distill.pub/2017/feature-visualization/images/prior_vis_icons/Mahendran2015.png]
[distill.pub/2017/feature-visualization/images/prior_vis_icons/Nguyen2015.png]
[distill.pub/2017/feature-visualization/images/prior_vis_icons/Mordvintsev2015.png]
[distill.pub/2017/feature-visualization/images/prior_vis_icons/Oygard2015.png]
[distill.pub/2017/feature-visualization/images/prior_vis_icons/Tyka2016.png]
[distill.pub/2017/feature-visualization/images/prior_vis_icons/Mordvintsev2016.png]
[distill.pub/2017/feature-visualization/images/prior_vis_icons/Nguyen2016a.png]
[distill.pub/2017/feature-visualization/images/prior_vis_icons/Nguyen2016b.png]
[distill.pub/2017/feature-visualization/images/correlated_colors.jpg]
[distill.pub/2017/feature-visualization/images/decorrelated_colors.jpg]
[distill.pub/2017/feature-visualization/index.html]
[distill.pub/2017/feature-visualization/index.bundle.js]
[distill.pub/2017/momentum/assets/lib/katex.min.css]
[distill.pub/2017/momentum/assets/widgets.css]
[distill.pub/2017/momentum/assets/lib/lib.js]
[distill.pub/2017/momentum/assets/utils.js]
[distill.pub/2017/momentum/assets/lib/contour_plot.js]
[distill.pub/2017/momentum/assets/iterates.js]
[distill.pub/2017/momentum/assets/milestones.js]
[distill.pub/2017/momentum/assets/eigensum.js]
[distill.pub/2017/momentum/assets/momentum.js]
[distill.pub/2017/momentum/assets/phasediagram_description.js]
[distill.pub/2017/momentum/assets/phasediagram.js]
[distill.pub/2017/momentum/assets/flow.js]
[distill.pub/2017/momentum/assets/graph.js]
[distill.pub/2017/momentum/assets/stochastic_milestones.js]
[distill.pub/2017/momentum/index.html]
[distill.pub/2017/research-debt/assets/debt-mountain.jpg]
[distill.pub/2017/research-debt/assets/publish-one-many-crop.jpg]
[distill.pub/2017/research-debt/assets/headstand.jpg]
[distill.pub/2017/research-debt/index.html]
[distill.pub/2016/handwriting/assets/webcomponents-lite.min.js]
[distill.pub/2016/handwriting/assets/polymer-mini.html]
[distill.pub/2016/handwriting/assets/d3.min.js]
[distill.pub/2016/handwriting/assets/d3-scale-chromatic.min.js]
[distill.pub/2016/handwriting/assets/distill-stage-manager.html]
[distill.pub/2016/handwriting/assets/figure-animated.html]
[distill.pub/2016/handwriting/assets/figure-predict.html]
[distill.pub/2016/handwriting/assets/figure-hairs.html]
[distill.pub/2016/handwriting/assets/figure-cells.html]
[distill.pub/2016/handwriting/assets/figure-cells-draw.html]
[distill.pub/2016/handwriting/assets/color-key.svg]
[distill.pub/2016/handwriting/index.html]
[distill.pub/2016/deconv-checkerboard/assets/w_page.css]
[distill.pub/2016/deconv-checkerboard/assets/d3.min.js]
[distill.pub/2016/deconv-checkerboard/assets/d3-path.min.js]
[distill.pub/2016/deconv-checkerboard/assets/underscore.js]
[distill.pub/2016/deconv-checkerboard/assets/vis_functions.js]
[distill.pub/2016/deconv-checkerboard/assets/samples.html]
[distill.pub/2016/deconv-checkerboard/assets/pointer.svg]
[distill.pub/2016/deconv-checkerboard/assets/im_sample_dcgan.png]
[distill.pub/2016/deconv-checkerboard/assets/im_sample_dcgan_contrast.png]
[distill.pub/2016/deconv-checkerboard/assets/im_sample_salimans.png]
[distill.pub/2016/deconv-checkerboard/assets/im_sample_donahue.png]
[distill.pub/2016/deconv-checkerboard/assets/im_sample_dumoulin.png]
[distill.pub/2016/deconv-checkerboard/assets/upsample_LearnedConvUneven.svg]
[distill.pub/2016/deconv-checkerboard/assets/upsample_LearnedConvEven.svg]
[distill.pub/2016/deconv-checkerboard/assets/upsample_DeconvTypes.svg]
[distill.pub/2016/deconv-checkerboard/assets/deconv_fixes.html]
[distill.pub/2016/deconv-checkerboard/assets/fix_two_deconv_boat.png]
[distill.pub/2016/deconv-checkerboard/assets/fix_two_deconv_deer.png]
[distill.pub/2016/deconv-checkerboard/assets/fix_two_deconv_prototype_plane.png]
[distill.pub/2016/deconv-checkerboard/assets/fix_two_deconv_bird.png]
[distill.pub/2016/deconv-checkerboard/assets/fix_one_deconv_boat.png]
[distill.pub/2016/deconv-checkerboard/assets/fix_one_deconv_deer.png]
[distill.pub/2016/deconv-checkerboard/assets/fix_one_deconv_prototype_plane.png]
[distill.pub/2016/deconv-checkerboard/assets/fix_one_deconv_bird.png]
[distill.pub/2016/deconv-checkerboard/assets/fix_zero_deconv_boat.png]
[distill.pub/2016/deconv-checkerboard/assets/fix_zero_deconv_deer.png]
[distill.pub/2016/deconv-checkerboard/assets/fix_zero_deconv_prototype_plane.png]
[distill.pub/2016/deconv-checkerboard/assets/fix_zero_deconv_bird.png]
[distill.pub/2016/deconv-checkerboard/assets/deconv_fixes_step0.html]
[distill.pub/2016/deconv-checkerboard/assets/im_rand_two_0.png]
[distill.pub/2016/deconv-checkerboard/assets/im_rand_two_1.png]
[distill.pub/2016/deconv-checkerboard/assets/im_rand_one_0.png]
[distill.pub/2016/deconv-checkerboard/assets/im_rand_one_1.png]
[distill.pub/2016/deconv-checkerboard/assets/im_rand_zero_1.png]
[distill.pub/2016/deconv-checkerboard/assets/im_rand_zero_2.png]
[distill.pub/2016/deconv-checkerboard/assets/style_fix.html]
[distill.pub/2016/deconv-checkerboard/assets/style_artifacts.png]
[distill.pub/2016/deconv-checkerboard/assets/style_clean.png]
[distill.pub/2016/deconv-checkerboard/assets/deepdream_fix.html]
[distill.pub/2016/deconv-checkerboard/assets/deepdream_full_gitter_0x0.png]
[distill.pub/2016/deconv-checkerboard/assets/deepdream_full_gitter_8x8.png]
[distill.pub/2016/deconv-checkerboard/assets/discrim_fixes.html]
[distill.pub/2016/deconv-checkerboard/assets/discrim_stride2_0.png]
[distill.pub/2016/deconv-checkerboard/assets/discrim_stride2_1.png]
[distill.pub/2016/deconv-checkerboard/assets/discrim_stride2_2.png]
[distill.pub/2016/deconv-checkerboard/assets/discrim_stride1_1.png]
[distill.pub/2016/deconv-checkerboard/assets/discrim_stride1_2.png]
[distill.pub/2016/deconv-checkerboard/assets/discrim_stride1_0.png]
[distill.pub/2016/deconv-checkerboard/index.html]
[distill.pub/2016/misread-tsne/assets/d3.min.js]
[distill.pub/2016/misread-tsne/assets/tsne.js]
[distill.pub/2016/misread-tsne/assets/demo-configs.js]
[distill.pub/2016/misread-tsne/assets/figure-configs.js]
[distill.pub/2016/misread-tsne/assets/visualize.js]
[distill.pub/2016/misread-tsne/assets/figures.js]
[distill.pub/2016/misread-tsne/assets/tray.html]
[distill.pub/2016/misread-tsne/assets/playground.html]
[distill.pub/2016/misread-tsne/assets/playground.js]
[distill.pub/2016/misread-tsne/assets/tsne-group.html]
[distill.pub/2016/misread-tsne/index.html]
[distill.pub/2016/augmented-rnns/assets/d3.min.js]
[distill.pub/2016/augmented-rnns/assets/rnn_basic_rnn.svg]
[distill.pub/2016/augmented-rnns/assets/rnn_preview_ntm.svg]
[distill.pub/2016/augmented-rnns/assets/rnn_preview_ai.svg]
[distill.pub/2016/augmented-rnns/assets/rnn_preview_act.svg]
[distill.pub/2016/augmented-rnns/assets/rnn_preview_np.svg]
[distill.pub/2016/augmented-rnns/assets/rnn_memory.svg]
[distill.pub/2016/augmented-rnns/assets/rnn_read.svg]
[distill.pub/2016/augmented-rnns/assets/rnn_write.svg]
[distill.pub/2016/augmented-rnns/assets/rnn_write.html]
[distill.pub/2016/augmented-rnns/assets/rnn_write_detail.svg]
[distill.pub/2016/augmented-rnns/assets/rnn_write_detail.html]
[distill.pub/2016/augmented-rnns/assets/NTM-Copy-ReadWrite.svg]
[distill.pub/2016/augmented-rnns/assets/rnn_attentional_01.svg]
[distill.pub/2016/augmented-rnns/assets/rnn_attentional_02.svg]
[distill.pub/2016/augmented-rnns/assets/rnn_attentional_ex2.html]
[distill.pub/2016/augmented-rnns/assets/pointer.svg]
[distill.pub/2016/augmented-rnns/assets/rnn_attentional_ex3.html]
[distill.pub/2016/augmented-rnns/assets/rnn-attention-waveform-bw.png]
[distill.pub/2016/augmented-rnns/assets/show-attend-tell.png]
[distill.pub/2016/augmented-rnns/assets/rnn_adaptive_01.svg]
[distill.pub/2016/augmented-rnns/assets/rnn_adaptive_02.svg]
[distill.pub/2016/augmented-rnns/assets/rnn_adaptive_02_1.svg]
[distill.pub/2016/augmented-rnns/assets/rnn_adaptive_02_2.svg]
[distill.pub/2016/augmented-rnns/assets/rnn_adaptive_02_3.svg]
[distill.pub/2016/augmented-rnns/assets/rnn_adaptive_02_4.svg]
[distill.pub/2016/augmented-rnns/assets/rnn_programmer_1.svg]
[distill.pub/2016/augmented-rnns/assets/rnn_programmer_2.svg]
[distill.pub/2016/augmented-rnns/assets/rnn_programmer_3.svg]
[distill.pub/2016/augmented-rnns/index.html]
[distill.pub/archive/index.html]
[distill.pub/about/icons-journal.svg]
[distill.pub/about/icons-prize.svg]
[distill.pub/about/icons-tool.svg]
[distill.pub/about/pointer.svg]
[distill.pub/guide/index.html]
[distill.pub/third-party/katex/fonts/KaTeX_AMS-Regular.eot]
[distill.pub/third-party/katex/fonts/KaTeX_AMS-Regular.woff2]
[distill.pub/third-party/katex/fonts/KaTeX_AMS-Regular.woff]
[distill.pub/third-party/katex/fonts/KaTeX_AMS-Regular.ttf]
[distill.pub/third-party/katex/fonts/KaTeX_Caligraphic-Bold.eot]
[distill.pub/third-party/katex/fonts/KaTeX_Caligraphic-Bold.woff2]
[distill.pub/third-party/katex/fonts/KaTeX_Caligraphic-Bold.woff]
[distill.pub/third-party/katex/fonts/KaTeX_Caligraphic-Bold.ttf]
[distill.pub/third-party/katex/fonts/KaTeX_Caligraphic-Regular.eot]
[distill.pub/third-party/katex/fonts/KaTeX_Caligraphic-Regular.woff2]
[distill.pub/third-party/katex/fonts/KaTeX_Caligraphic-Regular.woff]
[distill.pub/third-party/katex/fonts/KaTeX_Caligraphic-Regular.ttf]
[distill.pub/third-party/katex/fonts/KaTeX_Fraktur-Bold.eot]
[distill.pub/third-party/katex/fonts/KaTeX_Fraktur-Bold.woff2]
[distill.pub/third-party/katex/fonts/KaTeX_Fraktur-Bold.woff]
[distill.pub/third-party/katex/fonts/KaTeX_Fraktur-Bold.ttf]
[distill.pub/third-party/katex/fonts/KaTeX_Fraktur-Regular.eot]
[distill.pub/third-party/katex/fonts/KaTeX_Fraktur-Regular.woff2]
[distill.pub/third-party/katex/fonts/KaTeX_Fraktur-Regular.woff]
[distill.pub/third-party/katex/fonts/KaTeX_Fraktur-Regular.ttf]
[distill.pub/third-party/katex/fonts/KaTeX_Main-Bold.eot]
[distill.pub/third-party/katex/fonts/KaTeX_Main-Bold.woff2]
[distill.pub/third-party/katex/fonts/KaTeX_Main-Bold.woff]
[distill.pub/third-party/katex/fonts/KaTeX_Main-Bold.ttf]
[distill.pub/third-party/katex/fonts/KaTeX_Main-Italic.eot]
[distill.pub/third-party/katex/fonts/KaTeX_Main-Italic.woff2]
[distill.pub/third-party/katex/fonts/KaTeX_Main-Italic.woff]
[distill.pub/third-party/katex/fonts/KaTeX_Main-Italic.ttf]
[distill.pub/third-party/katex/fonts/KaTeX_Main-Regular.eot]
[distill.pub/third-party/katex/fonts/KaTeX_Main-Regular.woff2]
[distill.pub/third-party/katex/fonts/KaTeX_Main-Regular.woff]
[distill.pub/third-party/katex/fonts/KaTeX_Main-Regular.ttf]
[distill.pub/third-party/katex/fonts/KaTeX_Math-Italic.eot]
[distill.pub/third-party/katex/fonts/KaTeX_Math-Italic.woff2]
[distill.pub/third-party/katex/fonts/KaTeX_Math-Italic.woff]
[distill.pub/third-party/katex/fonts/KaTeX_Math-Italic.ttf]
[distill.pub/third-party/katex/fonts/KaTeX_SansSerif-Regular.eot]
[distill.pub/third-party/katex/fonts/KaTeX_SansSerif-Regular.woff2]
[distill.pub/third-party/katex/fonts/KaTeX_SansSerif-Regular.woff]
[distill.pub/third-party/katex/fonts/KaTeX_SansSerif-Regular.ttf]
[distill.pub/third-party/katex/fonts/KaTeX_Script-Regular.eot]
[distill.pub/third-party/katex/fonts/KaTeX_Script-Regular.woff2]
[distill.pub/third-party/katex/fonts/KaTeX_Script-Regular.woff]
[distill.pub/third-party/katex/fonts/KaTeX_Script-Regular.ttf]
[distill.pub/third-party/katex/fonts/KaTeX_Size1-Regular.eot]
[distill.pub/third-party/katex/fonts/KaTeX_Size1-Regular.woff2]
[distill.pub/third-party/katex/fonts/KaTeX_Size1-Regular.woff]
[distill.pub/third-party/katex/fonts/KaTeX_Size1-Regular.ttf]
[distill.pub/third-party/katex/fonts/KaTeX_Size2-Regular.eot]
[distill.pub/third-party/katex/fonts/KaTeX_Size2-Regular.woff2]
[distill.pub/third-party/katex/fonts/KaTeX_Size2-Regular.woff]
[distill.pub/third-party/katex/fonts/KaTeX_Size2-Regular.ttf]
[distill.pub/third-party/katex/fonts/KaTeX_Size3-Regular.eot]
[distill.pub/third-party/katex/fonts/KaTeX_Size3-Regular.woff2]
[distill.pub/third-party/katex/fonts/KaTeX_Size3-Regular.woff]
[distill.pub/third-party/katex/fonts/KaTeX_Size3-Regular.ttf]
[distill.pub/third-party/katex/fonts/KaTeX_Size4-Regular.eot]
[distill.pub/third-party/katex/fonts/KaTeX_Size4-Regular.woff2]
[distill.pub/third-party/katex/fonts/KaTeX_Size4-Regular.woff]
[distill.pub/third-party/katex/fonts/KaTeX_Size4-Regular.ttf]
[distill.pub/third-party/katex/fonts/KaTeX_Typewriter-Regular.eot]
[distill.pub/third-party/katex/fonts/KaTeX_Typewriter-Regular.woff2]
[distill.pub/third-party/katex/fonts/KaTeX_Typewriter-Regular.woff]
[distill.pub/third-party/katex/katex.min.css]
[distill.pub/2017/aia/images/feynmann-diagram.svg]
[distill.pub/2017/aia/images/cycle.svg]
[distill.pub/2017/ctc/assets/collapse_ctc.css]
[distill.pub/2017/ctc/assets/speech.svg]
[distill.pub/2017/ctc/assets/handwriting_recognition.svg]
[distill.pub/2017/ctc/assets/speech_recognition.svg]
[distill.pub/2017/ctc/assets/naive_alignment.svg]
[distill.pub/2017/ctc/assets/ctc_alignment_steps.svg]
[distill.pub/2017/ctc/assets/valid_invalid_alignments.svg]
[distill.pub/2017/ctc/assets/full_collapse_from_audio.svg]
[distill.pub/2017/ctc/assets/all_alignments.svg]
[distill.pub/2017/ctc/assets/merged_alignments.svg]
[distill.pub/2017/ctc/assets/cost_no_skip.svg]
[distill.pub/2017/ctc/assets/cost_regular.svg]
[distill.pub/2017/ctc/assets/ctc_cost.svg]
[distill.pub/2017/ctc/assets/beam_search.svg]
[distill.pub/2017/ctc/assets/prefix_beam_search.svg]
[distill.pub/2017/ctc/assets/prefix_beam_search_single.svg]
[distill.pub/2017/ctc/assets/conditional_independence.svg]
[distill.pub/2017/ctc/assets/triple_a.svg]
[distill.pub/2017/ctc/assets/hmm.svg]
[distill.pub/2017/ctc/assets/ergodic_hmm.svg]
[distill.pub/2017/ctc/assets/linear_hmm.svg]
[distill.pub/2017/ctc/assets/ctc_hmm.svg]
[distill.pub/2017/feature-visualization/images/optimize_nojitter_sprite_128.html]
[distill.pub/2017/feature-visualization/images/optimize_jitter_sprite_128.html]
[distill.pub/third-party/katex/fonts/KaTeX_Typewriter-Regular.ttf]
[distill.pub/2017/feature-visualization/appendix/googlenet.svg]
[distill.pub/2017/feature-visualization/appendix/googlenet/3a.html]
[distill.pub/2017/feature-visualization/appendix/handpicked/mixed3a-00043.png]
[distill.pub/2017/feature-visualization/appendix/handpicked/mixed3a-00061.png]
[distill.pub/2017/feature-visualization/appendix/handpicked/mixed3a-00230.png]
[distill.pub/2017/feature-visualization/appendix/handpicked/mixed3a-00239.png]
[distill.pub/2017/feature-visualization/appendix/googlenet/3b.html]
[distill.pub/2017/feature-visualization/appendix/handpicked/mixed3b-00007.png]
[distill.pub/2017/feature-visualization/appendix/handpicked/mixed3b-00462.png]
[distill.pub/2017/feature-visualization/appendix/handpicked/mixed3b-00470.png]
[distill.pub/2017/feature-visualization/appendix/handpicked/mixed3b-00472.png]
[distill.pub/2017/feature-visualization/appendix/googlenet/4a.html]
[distill.pub/2017/feature-visualization/appendix/handpicked/mixed4a-00500.png]
[distill.pub/2017/feature-visualization/appendix/handpicked/mixed4a-00501.png]
[distill.pub/2017/feature-visualization/appendix/handpicked/mixed4a-00503.png]
[distill.pub/2017/feature-visualization/appendix/handpicked/mixed4a-00505.png]
[distill.pub/2017/feature-visualization/appendix/googlenet/4b.html]
[distill.pub/2017/feature-visualization/appendix/handpicked/mixed4b-00004.png]
[distill.pub/2017/feature-visualization/appendix/handpicked/mixed4b-00009.png]
[distill.pub/2017/feature-visualization/appendix/handpicked/mixed4b-00465.png]
[distill.pub/2017/feature-visualization/appendix/handpicked/mixed4b-00504.png]
[distill.pub/2017/feature-visualization/appendix/googlenet/4c.html]
[distill.pub/2017/feature-visualization/appendix/handpicked/mixed4c-00211.png]
[distill.pub/2017/feature-visualization/appendix/handpicked/mixed4c-00449.png]
[distill.pub/2017/feature-visualization/appendix/handpicked/mixed4c-00484.png]
[distill.pub/2017/feature-visualization/appendix/handpicked/mixed4c-00509.png]
[distill.pub/2017/feature-visualization/appendix/googlenet/4d.html]
[distill.pub/2017/feature-visualization/appendix/handpicked/mixed4d-00028.png]
[distill.pub/2017/feature-visualization/appendix/handpicked/mixed4d-00146.png]
[distill.pub/2017/feature-visualization/appendix/handpicked/mixed4d-00229.png]
[distill.pub/2017/feature-visualization/appendix/handpicked/mixed4d-00516.png]
[distill.pub/2017/feature-visualization/appendix/googlenet/4e.html]
[distill.pub/2017/feature-visualization/appendix/handpicked/mixed4e-00167.png]
[distill.pub/2017/feature-visualization/appendix/handpicked/mixed4e-00547.png]
[distill.pub/2017/feature-visualization/appendix/handpicked/mixed4e-00809.png]
[distill.pub/2017/feature-visualization/appendix/handpicked/mixed4e-00815.png]
[distill.pub/2017/feature-visualization/appendix/googlenet/5a.html]
[distill.pub/2017/feature-visualization/appendix/handpicked/mixed5a-00004.png]
[distill.pub/2017/feature-visualization/appendix/handpicked/mixed5a-00009.png]
[distill.pub/2017/feature-visualization/appendix/handpicked/mixed5a-00132.png]
[distill.pub/2017/feature-visualization/appendix/handpicked/mixed5a-00557.png]
[distill.pub/2017/feature-visualization/appendix/googlenet/5b.html]
[distill.pub/2017/feature-visualization/appendix/handpicked/mixed5b-00017.png]
[distill.pub/2017/feature-visualization/appendix/handpicked/mixed5b-00023.png]
[distill.pub/2017/feature-visualization/appendix/handpicked/mixed5b-00357.png]
[distill.pub/2017/feature-visualization/appendix/handpicked/mixed5b-00806.png]
[distill.pub/2017/feature-visualization/appendix/index.html]
[distill.pub/2017/momentum/assets/lib/fonts/KaTeX_AMS-Regular.eot]
[distill.pub/2017/momentum/assets/lib/fonts/KaTeX_AMS-Regular.woff2]
[distill.pub/2017/momentum/assets/lib/fonts/KaTeX_AMS-Regular.woff]
[distill.pub/2017/momentum/assets/lib/fonts/KaTeX_AMS-Regular.ttf]
[distill.pub/2017/momentum/assets/lib/fonts/KaTeX_Caligraphic-Bold.eot]
[distill.pub/2017/momentum/assets/lib/fonts/KaTeX_Caligraphic-Bold.woff2]
[distill.pub/2017/momentum/assets/lib/fonts/KaTeX_Caligraphic-Bold.woff]
[distill.pub/2017/momentum/assets/lib/fonts/KaTeX_Caligraphic-Bold.ttf]
[distill.pub/2017/momentum/assets/lib/fonts/KaTeX_Caligraphic-Regular.eot]
[distill.pub/2017/momentum/assets/lib/fonts/KaTeX_Caligraphic-Regular.woff2]
[distill.pub/2017/momentum/assets/lib/fonts/KaTeX_Caligraphic-Regular.woff]
[distill.pub/2017/momentum/assets/lib/fonts/KaTeX_Caligraphic-Regular.ttf]
[distill.pub/2017/momentum/assets/lib/fonts/KaTeX_Fraktur-Bold.eot]
[distill.pub/2017/momentum/assets/lib/fonts/KaTeX_Fraktur-Bold.woff2]
[distill.pub/2017/momentum/assets/lib/fonts/KaTeX_Fraktur-Bold.woff]
[distill.pub/2017/momentum/assets/lib/fonts/KaTeX_Fraktur-Bold.ttf]
[distill.pub/2017/momentum/assets/lib/fonts/KaTeX_Fraktur-Regular.eot]
[distill.pub/2017/momentum/assets/lib/fonts/KaTeX_Fraktur-Regular.woff2]
[distill.pub/2017/momentum/assets/lib/fonts/KaTeX_Fraktur-Regular.woff]
[distill.pub/2017/momentum/assets/lib/fonts/KaTeX_Fraktur-Regular.ttf]
[distill.pub/2017/momentum/assets/lib/fonts/KaTeX_Main-Bold.eot]
[distill.pub/2017/momentum/assets/lib/fonts/KaTeX_Main-Bold.woff2]
[distill.pub/2017/momentum/assets/lib/fonts/KaTeX_Main-Bold.woff]
[distill.pub/2017/momentum/assets/lib/fonts/KaTeX_Main-Bold.ttf]
[distill.pub/2017/momentum/assets/lib/fonts/KaTeX_Main-Italic.eot]
[distill.pub/2017/momentum/assets/lib/fonts/KaTeX_Main-Italic.woff2]
[distill.pub/2017/momentum/assets/lib/fonts/KaTeX_Main-Italic.woff]
[distill.pub/2017/momentum/assets/lib/fonts/KaTeX_Main-Italic.ttf]
[distill.pub/2017/momentum/assets/lib/fonts/KaTeX_Main-Regular.eot]
[distill.pub/2017/momentum/assets/lib/fonts/KaTeX_Main-Regular.woff2]
[distill.pub/2017/momentum/assets/lib/fonts/KaTeX_Main-Regular.woff]
[distill.pub/2017/momentum/assets/lib/fonts/KaTeX_Main-Regular.ttf]
[distill.pub/2017/momentum/assets/lib/fonts/KaTeX_Math-Italic.eot]
[distill.pub/2017/momentum/assets/lib/fonts/KaTeX_Math-Italic.woff2]
[distill.pub/2017/momentum/assets/lib/fonts/KaTeX_Math-Italic.woff]
[distill.pub/2017/momentum/assets/lib/fonts/KaTeX_Math-Italic.ttf]
[distill.pub/2017/momentum/assets/lib/fonts/KaTeX_SansSerif-Regular.eot]
[distill.pub/2017/momentum/assets/lib/fonts/KaTeX_SansSerif-Regular.woff2]
[distill.pub/2017/momentum/assets/lib/fonts/KaTeX_SansSerif-Regular.woff]
[distill.pub/2017/momentum/assets/lib/fonts/KaTeX_SansSerif-Regular.ttf]
[distill.pub/2017/momentum/assets/lib/fonts/KaTeX_Script-Regular.eot]
[distill.pub/2017/momentum/assets/lib/fonts/KaTeX_Script-Regular.woff2]
[distill.pub/2017/momentum/assets/lib/fonts/KaTeX_Script-Regular.woff]
[distill.pub/2017/momentum/assets/lib/fonts/KaTeX_Script-Regular.ttf]
[distill.pub/2017/momentum/assets/lib/fonts/KaTeX_Size1-Regular.eot]
[distill.pub/2017/momentum/assets/lib/fonts/KaTeX_Size1-Regular.woff2]
[distill.pub/2017/momentum/assets/lib/fonts/KaTeX_Size1-Regular.woff]
[distill.pub/2017/momentum/assets/lib/fonts/KaTeX_Size1-Regular.ttf]
[distill.pub/2017/momentum/assets/lib/fonts/KaTeX_Size2-Regular.eot]
[distill.pub/2017/momentum/assets/lib/fonts/KaTeX_Size2-Regular.woff2]
[distill.pub/2017/momentum/assets/lib/fonts/KaTeX_Size2-Regular.woff]
[distill.pub/2017/momentum/assets/lib/fonts/KaTeX_Size2-Regular.ttf]
[distill.pub/2017/momentum/assets/lib/fonts/KaTeX_Size3-Regular.eot]
[distill.pub/2017/momentum/assets/lib/fonts/KaTeX_Size3-Regular.woff2]
[distill.pub/2017/momentum/assets/lib/fonts/KaTeX_Size3-Regular.woff]
[distill.pub/2017/momentum/assets/lib/fonts/KaTeX_Size3-Regular.ttf]
[distill.pub/2017/momentum/assets/lib/fonts/KaTeX_Size4-Regular.eot]
[distill.pub/2017/momentum/assets/lib/fonts/KaTeX_Size4-Regular.woff2]
[distill.pub/2017/momentum/assets/lib/fonts/KaTeX_Size4-Regular.woff]
[distill.pub/2017/momentum/assets/lib/fonts/KaTeX_Size4-Regular.ttf]
[distill.pub/2017/momentum/assets/lib/fonts/KaTeX_Typewriter-Regular.eot]
[distill.pub/2017/momentum/assets/lib/fonts/KaTeX_Typewriter-Regular.woff2]
[distill.pub/2017/momentum/assets/lib/fonts/KaTeX_Typewriter-Regular.woff]
[distill.pub/2017/momentum/assets/lib/katex.min.css]
[distill.pub/2017/momentum/assets/widgets.css]
[distill.pub/2017/momentum/assets/lib/fonts/KaTeX_Typewriter-Regular.ttf]
[distill.pub/2016/handwriting/assets/polymer-micro.html]
[distill.pub/2016/handwriting/assets/polymer-mini.html]
[distill.pub/2016/handwriting/assets/distill-stage-manager.html]
[distill.pub/2016/handwriting/assets/assets/worker.js]
[distill.pub/2016/handwriting/assets/figure-animated.html]
[distill.pub/2016/handwriting/assets/assets/worker-predict.js]
[distill.pub/2016/handwriting/assets/figure-predict.html]
[distill.pub/2016/handwriting/assets/figure-hairs.html]
[distill.pub/2016/handwriting/assets/cells-tooltip.html]
[distill.pub/2016/handwriting/assets/cells-canvas.html]
[distill.pub/2016/handwriting/assets/cells-color-key.html]
[distill.pub/2016/handwriting/assets/cells-grid.html]
[distill.pub/2016/handwriting/assets/cells-overlay.html]
[distill.pub/2016/handwriting/assets/cells-picker.html]
[distill.pub/2016/handwriting/assets/cells-svg.html]
[distill.pub/2016/handwriting/assets/figure-cells.html]
[distill.pub/2016/handwriting/assets/cells-draw.html]
[distill.pub/2016/handwriting/assets/figure-cells-draw.html]
[distill.pub/2016/handwriting/assets/color-key.svg]
[distill.pub/2016/deconv-checkerboard/assets/w_page.css]
[distill.pub/2016/deconv-checkerboard/assets/assets/pointer.svg]
[distill.pub/2016/deconv-checkerboard/assets/assets/im_sample_dcgan.png]
[distill.pub/2016/deconv-checkerboard/assets/assets/im_sample_dcgan_contrast.png]
[distill.pub/2016/deconv-checkerboard/assets/assets/im_sample_salimans.png]
[distill.pub/2016/deconv-checkerboard/assets/assets/im_sample_donahue.png]
[distill.pub/2016/deconv-checkerboard/assets/assets/im_sample_dumoulin.png]
[distill.pub/2016/deconv-checkerboard/assets/samples.html]
[distill.pub/2016/deconv-checkerboard/assets/pointer.svg]
[distill.pub/2016/deconv-checkerboard/assets/deconv1d.html]
[distill.pub/2016/deconv-checkerboard/assets/deconv2d.html]
[distill.pub/2016/deconv-checkerboard/assets/deconv1d_multi.html]
[distill.pub/2016/deconv-checkerboard/assets/upsample_LearnedConvUneven.svg]
[distill.pub/2016/deconv-checkerboard/assets/upsample_LearnedConvEven.svg]
[distill.pub/2016/deconv-checkerboard/assets/upsample_DeconvTypes.svg]
[distill.pub/2016/deconv-checkerboard/assets/assets/fix_two_deconv_boat.png]
[distill.pub/2016/deconv-checkerboard/assets/assets/fix_two_deconv_deer.png]
[distill.pub/2016/deconv-checkerboard/assets/assets/fix_two_deconv_prototype_plane.png]
[distill.pub/2016/deconv-checkerboard/assets/assets/fix_two_deconv_bird.png]
[distill.pub/2016/deconv-checkerboard/assets/assets/fix_one_deconv_boat.png]
[distill.pub/2016/deconv-checkerboard/assets/assets/fix_one_deconv_deer.png]
[distill.pub/2016/deconv-checkerboard/assets/assets/fix_one_deconv_prototype_plane.png]
[distill.pub/2016/deconv-checkerboard/assets/assets/fix_one_deconv_bird.png]
[distill.pub/2016/deconv-checkerboard/assets/assets/fix_zero_deconv_boat.png]
[distill.pub/2016/deconv-checkerboard/assets/assets/fix_zero_deconv_deer.png]
[distill.pub/2016/deconv-checkerboard/assets/assets/fix_zero_deconv_prototype_plane.png]
[distill.pub/2016/deconv-checkerboard/assets/assets/fix_zero_deconv_bird.png]
[distill.pub/2016/deconv-checkerboard/assets/deconv_fixes.html]
[distill.pub/2016/deconv-checkerboard/assets/assets/im_rand_two_0.png]
[distill.pub/2016/deconv-checkerboard/assets/assets/im_rand_two_1.png]
[distill.pub/2016/deconv-checkerboard/assets/assets/im_rand_one_0.png]
[distill.pub/2016/deconv-checkerboard/assets/assets/im_rand_one_1.png]
[distill.pub/2016/deconv-checkerboard/assets/assets/im_rand_zero_1.png]
[distill.pub/2016/deconv-checkerboard/assets/assets/im_rand_zero_2.png]
[distill.pub/2016/deconv-checkerboard/assets/deconv_fixes_step0.html]
[distill.pub/2016/deconv-checkerboard/assets/assets/style_artifacts.png]
[distill.pub/2016/deconv-checkerboard/assets/assets/style_clean.png]
[distill.pub/2016/deconv-checkerboard/assets/style_fix.html]
[distill.pub/2016/deconv-checkerboard/assets/assets/deepdream_full_gitter_0x0.png]
[distill.pub/2016/deconv-checkerboard/assets/assets/deepdream_full_gitter_8x8.png]
[distill.pub/2016/deconv-checkerboard/assets/deepdream_fix.html]
[distill.pub/2016/deconv-checkerboard/assets/assets/discrim_stride2_0.png]
[distill.pub/2016/deconv-checkerboard/assets/assets/discrim_stride2_1.png]
[distill.pub/2016/deconv-checkerboard/assets/assets/discrim_stride2_2.png]
[distill.pub/2016/deconv-checkerboard/assets/assets/discrim_stride1_1.png]
[distill.pub/2016/deconv-checkerboard/assets/assets/discrim_stride1_2.png]
[distill.pub/2016/deconv-checkerboard/assets/assets/discrim_stride1_0.png]
[distill.pub/2016/deconv-checkerboard/assets/discrim_fixes.html]
[distill.pub/2016/misread-tsne/MaterialIcons-Regular.woff]
[distill.pub/2016/misread-tsne/material-icons.css]
[distill.pub/2016/misread-tsne/assets/tray.html]
[distill.pub/2016/misread-tsne/assets/assets/playground.1ca.delayed]
[distill.pub/2016/misread-tsne/assets/playground.html]
[distill.pub/2016/misread-tsne/assets/tsne-group.html]
[distill.pub/2016/augmented-rnns/assets/rnn_basic_rnn.svg]
[distill.pub/2016/augmented-rnns/assets/rnn_preview_ntm.svg]
[distill.pub/2016/augmented-rnns/assets/rnn_preview_ai.svg]
[distill.pub/2016/augmented-rnns/assets/rnn_preview_act.svg]
[distill.pub/2016/augmented-rnns/assets/rnn_preview_np.svg]
[distill.pub/2016/augmented-rnns/assets/rnn_memory.svg]
[distill.pub/2016/augmented-rnns/assets/rnn_read.svg]
[distill.pub/2016/augmented-rnns/assets/rnn_write.svg]
[distill.pub/2016/augmented-rnns/assets/rnn_write.html]
[distill.pub/2016/augmented-rnns/assets/rnn_write_detail.svg]
[distill.pub/2016/augmented-rnns/assets/rnn_write_detail.html]
[distill.pub/2016/augmented-rnns/assets/NTM-Copy-ReadWrite.svg]
[distill.pub/2016/augmented-rnns/assets/rnn_attentional_01.svg]
[distill.pub/2016/augmented-rnns/assets/rnn_attentional_02.svg]
[distill.pub/2016/augmented-rnns/assets/assets/pointer.svg]
[distill.pub/2016/augmented-rnns/assets/rnn_attentional_ex2.html]
[distill.pub/2016/augmented-rnns/assets/pointer.svg]
[distill.pub/2016/augmented-rnns/assets/assets/rnn-attention-waveform-bw.png]
[distill.pub/2016/augmented-rnns/assets/rnn_attentional_ex3.html]
[distill.pub/2016/augmented-rnns/assets/rnn_adaptive_01.svg]
[distill.pub/2016/augmented-rnns/assets/rnn_adaptive_02.svg]
[distill.pub/2016/augmented-rnns/assets/rnn_adaptive_02_1.svg]
[distill.pub/2016/augmented-rnns/assets/rnn_adaptive_02_2.svg]
[distill.pub/2016/augmented-rnns/assets/rnn_adaptive_02_3.svg]
[distill.pub/2016/augmented-rnns/assets/rnn_adaptive_02_4.svg]
[distill.pub/2016/augmented-rnns/assets/rnn_programmer_1.svg]
[distill.pub/2016/augmented-rnns/assets/rnn_programmer_2.svg]
[distill.pub/2016/augmented-rnns/assets/rnn_programmer_3.svg]
[distill.pub/2017/feature-visualization/appendix/googlenet.svg]
[distill.pub/2017/feature-visualization/appendix/googlenet/3a.html]
[distill.pub/2017/feature-visualization/appendix/googlenet/3b.html]
[distill.pub/2017/feature-visualization/appendix/googlenet/4a.html]
[distill.pub/2017/feature-visualization/appendix/googlenet/4b.html]
[distill.pub/2017/feature-visualization/appendix/googlenet/4c.html]
[distill.pub/2017/feature-visualization/appendix/googlenet/4d.html]
[distill.pub/2017/feature-visualization/appendix/googlenet/4e.html]
[distill.pub/2017/feature-visualization/appendix/googlenet/5a.html]
[distill.pub/2017/feature-visualization/appendix/googlenet/5b.html]
[distill.pub/2016/handwriting/assets/polymer-micro.html]
[distill.pub/2016/handwriting/assets/assets/worker.html]
[distill.pub/2016/handwriting/assets/assets/worker-predict.html]
[distill.pub/2016/handwriting/assets/distill-deck.html]
[distill.pub/2016/handwriting/assets/cells-tooltip.html]
[distill.pub/2016/handwriting/assets/cells-canvas.html]
[distill.pub/2016/handwriting/assets/cells-color-key.html]
[distill.pub/2016/handwriting/assets/cells-grid.html]
[distill.pub/2016/handwriting/assets/cells-overlay.html]
[distill.pub/2016/handwriting/assets/cells-picker.html]
[distill.pub/2016/handwriting/assets/cells-svg.html]
[distill.pub/2016/handwriting/assets/cells-target.html]
[distill.pub/2016/handwriting/assets/assets/worker-cells.js]
[distill.pub/2016/handwriting/assets/svg.svg]
[distill.pub/2016/handwriting/assets/cells-draw.html]
[distill.pub/2016/deconv-checkerboard/assets/assets/pointer.html]
[distill.pub/2016/deconv-checkerboard/assets/assets/im_sample_dcgan.html]
[distill.pub/2016/deconv-checkerboard/assets/assets/im_sample_dcgan_contrast.html]
[distill.pub/2016/deconv-checkerboard/assets/assets/im_sample_salimans.html]
[distill.pub/2016/deconv-checkerboard/assets/assets/im_sample_donahue.html]
[distill.pub/2016/deconv-checkerboard/assets/assets/im_sample_dumoulin.html]
[distill.pub/2016/deconv-checkerboard/assets/assets/fix_two_deconv_boat.html]
[distill.pub/2016/deconv-checkerboard/assets/assets/fix_two_deconv_deer.html]
[distill.pub/2016/deconv-checkerboard/assets/assets/fix_two_deconv_prototype_plane.html]
[distill.pub/2016/deconv-checkerboard/assets/assets/fix_two_deconv_bird.html]
[distill.pub/2016/deconv-checkerboard/assets/assets/fix_one_deconv_boat.html]
[distill.pub/2016/deconv-checkerboard/assets/assets/fix_one_deconv_deer.html]
[distill.pub/2016/deconv-checkerboard/assets/assets/fix_one_deconv_prototype_plane.html]
[distill.pub/2016/deconv-checkerboard/assets/assets/fix_one_deconv_bird.html]
[distill.pub/2016/deconv-checkerboard/assets/assets/fix_zero_deconv_boat.html]
[distill.pub/2016/deconv-checkerboard/assets/assets/fix_zero_deconv_deer.html]
[distill.pub/2016/deconv-checkerboard/assets/assets/fix_zero_deconv_prototype_plane.html]
[distill.pub/2016/deconv-checkerboard/assets/assets/fix_zero_deconv_bird.html]
[distill.pub/2016/deconv-checkerboard/assets/assets/im_rand_two_0.html]
[distill.pub/2016/deconv-checkerboard/assets/assets/im_rand_two_1.html]
[distill.pub/2016/deconv-checkerboard/assets/assets/im_rand_one_0.html]
[distill.pub/2016/deconv-checkerboard/assets/assets/im_rand_one_1.html]
[distill.pub/2016/deconv-checkerboard/assets/assets/im_rand_zero_1.html]
[distill.pub/2016/deconv-checkerboard/assets/assets/im_rand_zero_2.html]
[distill.pub/2016/deconv-checkerboard/assets/assets/style_artifacts.html]
[distill.pub/2016/deconv-checkerboard/assets/assets/style_clean.html]
[distill.pub/2016/deconv-checkerboard/assets/assets/deepdream_full_gitter_0x0.html]
[distill.pub/2016/deconv-checkerboard/assets/assets/deepdream_full_gitter_8x8.html]
[distill.pub/2016/deconv-checkerboard/assets/assets/discrim_stride2_0.html]
[distill.pub/2016/deconv-checkerboard/assets/assets/discrim_stride2_1.html]
[distill.pub/2016/deconv-checkerboard/assets/assets/discrim_stride2_2.html]
[distill.pub/2016/deconv-checkerboard/assets/assets/discrim_stride1_1.html]
[distill.pub/2016/deconv-checkerboard/assets/assets/discrim_stride1_2.html]
[distill.pub/2016/deconv-checkerboard/assets/assets/discrim_stride1_0.html]
[distill.pub/2016/misread-tsne/assets/assets/playground.html]
[distill.pub/2016/augmented-rnns/assets/assets/pointer.html]
[distill.pub/2016/augmented-rnns/assets/assets/rnn-attention-waveform-bw.html]
[distill.pub/2016/handwriting/assets/assets/worker-cells.html]
[distill.pub/2016/handwriting/assets/svg.html]
